Archive member included to satisfy reference by file (symbol)

c:/msys64/mingw64/bin/../lib/gcc/arm-none-eabi/12.2.0/thumb/v6-m/nofp\libgcc.a(_dvmd_tls.o)
                              CMakeFiles/test.dir/pico-sdk/src/rp2_common/pico_divider/divider.S.obj (__aeabi_idiv0)
c:/msys64/mingw64/bin/../lib/gcc/arm-none-eabi/12.2.0/../../../../arm-none-eabi/lib/thumb/v6-m/nofp\libg.a(lib_a-atexit.o)
                              c:/msys64/mingw64/bin/../lib/gcc/arm-none-eabi/12.2.0/../../../../arm-none-eabi/lib/thumb/v6-m/nofp/crt0.o (atexit)
c:/msys64/mingw64/bin/../lib/gcc/arm-none-eabi/12.2.0/../../../../arm-none-eabi/lib/thumb/v6-m/nofp\libg.a(lib_a-calloc.o)
                              CMakeFiles/test.dir/pico-sdk/src/rp2_common/pico_malloc/pico_malloc.c.obj (calloc)
c:/msys64/mingw64/bin/../lib/gcc/arm-none-eabi/12.2.0/../../../../arm-none-eabi/lib/thumb/v6-m/nofp\libg.a(lib_a-callocr.o)
                              c:/msys64/mingw64/bin/../lib/gcc/arm-none-eabi/12.2.0/../../../../arm-none-eabi/lib/thumb/v6-m/nofp\libg.a(lib_a-calloc.o) (_calloc_r)
c:/msys64/mingw64/bin/../lib/gcc/arm-none-eabi/12.2.0/../../../../arm-none-eabi/lib/thumb/v6-m/nofp\libg.a(lib_a-errno.o)
                              c:/msys64/mingw64/bin/../lib/gcc/arm-none-eabi/12.2.0/../../../../arm-none-eabi/lib/thumb/v6-m/nofp\libg.a(lib_a-callocr.o) (__errno)
c:/msys64/mingw64/bin/../lib/gcc/arm-none-eabi/12.2.0/../../../../arm-none-eabi/lib/thumb/v6-m/nofp\libg.a(lib_a-fini.o)
                              c:/msys64/mingw64/bin/../lib/gcc/arm-none-eabi/12.2.0/../../../../arm-none-eabi/lib/thumb/v6-m/nofp/crt0.o (__libc_fini_array)
c:/msys64/mingw64/bin/../lib/gcc/arm-none-eabi/12.2.0/../../../../arm-none-eabi/lib/thumb/v6-m/nofp\libg.a(lib_a-impure.o)
                              c:/msys64/mingw64/bin/../lib/gcc/arm-none-eabi/12.2.0/../../../../arm-none-eabi/lib/thumb/v6-m/nofp\libg.a(lib_a-calloc.o) (_impure_ptr)
c:/msys64/mingw64/bin/../lib/gcc/arm-none-eabi/12.2.0/../../../../arm-none-eabi/lib/thumb/v6-m/nofp\libg.a(lib_a-init.o)
                              c:/msys64/mingw64/bin/../lib/gcc/arm-none-eabi/12.2.0/../../../../arm-none-eabi/lib/thumb/v6-m/nofp/crt0.o (__libc_init_array)
c:/msys64/mingw64/bin/../lib/gcc/arm-none-eabi/12.2.0/../../../../arm-none-eabi/lib/thumb/v6-m/nofp\libg.a(lib_a-malloc.o)
                              CMakeFiles/test.dir/pico-sdk/src/rp2_common/pico_malloc/pico_malloc.c.obj (malloc)
c:/msys64/mingw64/bin/../lib/gcc/arm-none-eabi/12.2.0/../../../../arm-none-eabi/lib/thumb/v6-m/nofp\libg.a(lib_a-mallocr.o)
                              c:/msys64/mingw64/bin/../lib/gcc/arm-none-eabi/12.2.0/../../../../arm-none-eabi/lib/thumb/v6-m/nofp\libg.a(lib_a-callocr.o) (_malloc_r)
c:/msys64/mingw64/bin/../lib/gcc/arm-none-eabi/12.2.0/../../../../arm-none-eabi/lib/thumb/v6-m/nofp\libg.a(lib_a-mlock.o)
                              c:/msys64/mingw64/bin/../lib/gcc/arm-none-eabi/12.2.0/../../../../arm-none-eabi/lib/thumb/v6-m/nofp\libg.a(lib_a-mallocr.o) (__malloc_lock)
c:/msys64/mingw64/bin/../lib/gcc/arm-none-eabi/12.2.0/../../../../arm-none-eabi/lib/thumb/v6-m/nofp\libg.a(lib_a-realloc.o)
                              CMakeFiles/test.dir/pico-sdk/src/rp2_common/pico_malloc/pico_malloc.c.obj (realloc)
c:/msys64/mingw64/bin/../lib/gcc/arm-none-eabi/12.2.0/../../../../arm-none-eabi/lib/thumb/v6-m/nofp\libg.a(lib_a-reallocr.o)
                              c:/msys64/mingw64/bin/../lib/gcc/arm-none-eabi/12.2.0/../../../../arm-none-eabi/lib/thumb/v6-m/nofp\libg.a(lib_a-realloc.o) (_realloc_r)
c:/msys64/mingw64/bin/../lib/gcc/arm-none-eabi/12.2.0/../../../../arm-none-eabi/lib/thumb/v6-m/nofp\libg.a(lib_a-sbrkr.o)
                              c:/msys64/mingw64/bin/../lib/gcc/arm-none-eabi/12.2.0/../../../../arm-none-eabi/lib/thumb/v6-m/nofp\libg.a(lib_a-mallocr.o) (_sbrk_r)
c:/msys64/mingw64/bin/../lib/gcc/arm-none-eabi/12.2.0/../../../../arm-none-eabi/lib/thumb/v6-m/nofp\libg.a(lib_a-strlen-stub.o)
                              CMakeFiles/test.dir/pico-sdk/src/rp2_common/pico_stdio/stdio.c.obj (strlen)
c:/msys64/mingw64/bin/../lib/gcc/arm-none-eabi/12.2.0/../../../../arm-none-eabi/lib/thumb/v6-m/nofp\libg.a(lib_a-__atexit.o)
                              c:/msys64/mingw64/bin/../lib/gcc/arm-none-eabi/12.2.0/../../../../arm-none-eabi/lib/thumb/v6-m/nofp\libg.a(lib_a-atexit.o) (__register_exitproc)
c:/msys64/mingw64/bin/../lib/gcc/arm-none-eabi/12.2.0/../../../../arm-none-eabi/lib/thumb/v6-m/nofp\libg.a(lib_a-__call_atexit.o)
                              c:/msys64/mingw64/bin/../lib/gcc/arm-none-eabi/12.2.0/../../../../arm-none-eabi/lib/thumb/v6-m/nofp\libg.a(lib_a-__atexit.o) (__atexit_recursive_mutex)
c:/msys64/mingw64/bin/../lib/gcc/arm-none-eabi/12.2.0/../../../../arm-none-eabi/lib/thumb/v6-m/nofp\libg.a(lib_a-freer.o)
                              c:/msys64/mingw64/bin/../lib/gcc/arm-none-eabi/12.2.0/../../../../arm-none-eabi/lib/thumb/v6-m/nofp\libg.a(lib_a-malloc.o) (_free_r)
[...]
Memory Configuration

Name             Origin             Length             Attributes
FLASH            0x0000000010000000 0x0000000000200000 xr
RAM              0x0000000020000000 0x0000000000040000 xrw
SCRATCH_X        0x0000000020040000 0x0000000000001000 xrw
SCRATCH_Y        0x0000000020041000 0x0000000000001000 xrw
*default*        0x0000000000000000 0xffffffffffffffff

Linker script and memory map

LOAD c:/msys64/mingw64/bin/../lib/gcc/arm-none-eabi/12.2.0/thumb/v6-m/nofp/crti.o
LOAD c:/msys64/mingw64/bin/../lib/gcc/arm-none-eabi/12.2.0/thumb/v6-m/nofp/crtbegin.o
LOAD c:/msys64/mingw64/bin/../lib/gcc/arm-none-eabi/12.2.0/../../../../arm-none-eabi/lib/thumb/v6-m/nofp/crt0.o

.flash_begin    0x0000000010000000        0x0
                0x0000000010000000                __flash_binary_start = .

.boot2          0x0000000010000000      0x100
                0x0000000010000000                __boot2_start__ = .
 *(.boot2)
 .boot2         0x0000000010000000      0x100 C:\Users\traut\AppData\Local\Temp\ccGZplGt.o
                0x0000000010000100                __boot2_end__ = .
                0x0000000000000001                ASSERT (((__boot2_end__ - __boot2_start__) == 0x100), ERROR: Pico second stage bootloader must be 256 bytes in size)

.text           0x0000000010000100     0x46b0
                0x0000000010000100                __logical_binary_start = .
 *(.vectors)
 .vectors       0x0000000010000100       0xd4 CMakeFiles/test.dir/pico-sdk/src/rp2_common/pico_standard_link/crt0.S.obj
                0x0000000010000100                __VECTOR_TABLE
                0x0000000010000100                __vectors
                0x00000000100001c0                isr_invalid
                0x00000000100001c0                __default_isrs_start
                0x00000000100001c2                isr_nmi
                0x00000000100001c4                isr_hardfault
                0x00000000100001c6                isr_svcall
                0x00000000100001c8                isr_pendsv
                0x00000000100001ca                isr_systick
                0x00000000100001cc                isr_irq23
                0x00000000100001cc                isr_irq18
                0x00000000100001cc                isr_irq11
                0x00000000100001cc                isr_irq28
                0x00000000100001cc                isr_irq19
                0x00000000100001cc                isr_irq0
                0x00000000100001cc                isr_irq6
                0x00000000100001cc                isr_irq5
                0x00000000100001cc                isr_irq12
                0x00000000100001cc                isr_irq22
                0x00000000100001cc                isr_irq31
                0x00000000100001cc                isr_irq17
                0x00000000100001cc                isr_irq27
                0x00000000100001cc                isr_irq30
                0x00000000100001cc                isr_irq2
                0x00000000100001cc                isr_irq10
                0x00000000100001cc                isr_irq8
                0x00000000100001cc                isr_irq24
                0x00000000100001cc                isr_irq1
                0x00000000100001cc                isr_irq7
                0x00000000100001cc                isr_irq21
                0x00000000100001cc                isr_irq20
                0x00000000100001cc                isr_irq15
                0x00000000100001cc                isr_irq25
                0x00000000100001cc                isr_irq13
                0x00000000100001cc                __unhandled_user_irq
                0x00000000100001cc                isr_irq4
                0x00000000100001cc                isr_irq16
                0x00000000100001cc                isr_irq29
                0x00000000100001cc                isr_irq26
                0x00000000100001cc                __default_isrs_end
                0x00000000100001cc                isr_irq3
                0x00000000100001cc                isr_irq14
                0x00000000100001cc                isr_irq9
                0x00000000100001d2                unhandled_user_irq_num_in_r0
 *(.binary_info_header)
 .binary_info_header
                0x00000000100001d4       0x14 CMakeFiles/test.dir/pico-sdk/src/rp2_common/pico_standard_link/crt0.S.obj
                0x00000000100001e8                __binary_info_header_end = .
 *(.reset)
 .reset         0x00000000100001e8       0xa8 CMakeFiles/test.dir/pico-sdk/src/rp2_common/pico_standard_link/crt0.S.obj
                0x00000000100001e8                _entry_point
                0x0000000010000266                __get_current_exception
 .reset         0x0000000010000290       0x30 CMakeFiles/test.dir/pico-sdk/src/rp2_common/pico_standard_link/binary_info.c.obj
 *(.init)
 .init          0x00000000100002c0        0x4 c:/msys64/mingw64/bin/../lib/gcc/arm-none-eabi/12.2.0/thumb/v6-m/nofp/crti.o
                0x00000000100002c0                _init
 *(EXCLUDE_FILE(*libm.a: *libc.a:*lib_a-mem*.o *libgcc.a:) .text*)
 .text.frame_dummy
                0x00000000100002c4       0x20 c:/msys64/mingw64/bin/../lib/gcc/arm-none-eabi/12.2.0/thumb/v6-m/nofp/crtbegin.o
 .text.digitalIO_init
                0x00000000100002e4        0x2 CMakeFiles/test.dir/src/digitalIO.c.obj
                0x00000000100002e4                digitalIO_init
 *fill*         0x00000000100002e6        0x2 
 .text.ILI9225_writeCommand
                0x00000000100002e8       0x1c CMakeFiles/test.dir/src/ILI9225.c.obj
                0x00000000100002e8                ILI9225_writeCommand
 .text.ILI9225_writeData
                0x0000000010000304       0x1c CMakeFiles/test.dir/src/ILI9225.c.obj
                0x0000000010000304                ILI9225_writeData
 .text.ILI9225_reset
                0x0000000010000320       0x30 CMakeFiles/test.dir/src/ILI9225.c.obj
                0x0000000010000320                ILI9225_reset
 .text.ILI9225_init
                0x0000000010000350      0x3e8 CMakeFiles/test.dir/src/ILI9225.c.obj
                0x0000000010000350                ILI9225_init
 .text.ILI9225_start_transfer
                0x0000000010000738        0xe CMakeFiles/test.dir/src/ILI9225.c.obj
                0x0000000010000738                ILI9225_start_transfer
 .text.ILI9225_stop_transfer
                0x0000000010000746        0x8 CMakeFiles/test.dir/src/ILI9225.c.obj
                0x0000000010000746                ILI9225_stop_transfer
 .text.ILI9225_transfer
                0x000000001000074e       0x96 CMakeFiles/test.dir/src/ILI9225.c.obj
                0x000000001000074e                ILI9225_transfer
 .text.ILI9225_clrScreen
                0x00000000100007e4       0x24 CMakeFiles/test.dir/src/ILI9225.c.obj
                0x00000000100007e4                ILI9225_clrScreen
 .text.spi0_init
                0x0000000010000808       0x50 CMakeFiles/test.dir/src/spi.c.obj
                0x0000000010000808                spi0_init
 .text.spi0_set_mode
                0x0000000010000858       0x5c CMakeFiles/test.dir/src/spi.c.obj
                0x0000000010000858                spi0_set_mode
 .text.spi0_write
                0x00000000100008b4       0x1c CMakeFiles/test.dir/src/spi.c.obj
                0x00000000100008b4                spi0_write
 .text.spi0_select
                0x00000000100008d0       0x16 CMakeFiles/test.dir/src/spi.c.obj
                0x00000000100008d0                spi0_select
 .text.spi0_deselect
                0x00000000100008e6       0x16 CMakeFiles/test.dir/src/spi.c.obj
                0x00000000100008e6                spi0_deselect
 .text.timing_init
                0x00000000100008fc       0x14 CMakeFiles/test.dir/src/timing.c.obj
                0x00000000100008fc                timing_init
 .text.timing_start_timer
                0x0000000010000910        0xc CMakeFiles/test.dir/src/timing.c.obj
                0x0000000010000910                timing_start_timer
 .text.timing_sleep
                0x000000001000091c        0x8 CMakeFiles/test.dir/src/timing.c.obj
                0x000000001000091c                timing_sleep
 .text.main     0x0000000010000924       0x78 CMakeFiles/test.dir/src/main.c.obj
                0x0000000010000924                main
 .text.gpio_set_function
                0x000000001000099c       0x30 CMakeFiles/test.dir/pico-sdk/src/rp2_common/hardware_gpio/gpio.c.obj
                0x000000001000099c                gpio_set_function
 .text.gpio_init
                0x00000000100009cc       0x16 CMakeFiles/test.dir/pico-sdk/src/rp2_common/hardware_gpio/gpio.c.obj
                0x00000000100009cc                gpio_init
 *fill*         0x00000000100009e2        0x2 
 .text.hw_claim_lock
                0x00000000100009e4       0x18 CMakeFiles/test.dir/pico-sdk/src/rp2_common/hardware_claim/claim.c.obj
                0x00000000100009e4                hw_claim_lock
 .text.hw_claim_unlock
                0x00000000100009fc       0x14 CMakeFiles/test.dir/pico-sdk/src/rp2_common/hardware_claim/claim.c.obj
                0x00000000100009fc                hw_claim_unlock
 .text.hw_claim_or_assert
                0x0000000010000a10       0x32 CMakeFiles/test.dir/pico-sdk/src/rp2_common/hardware_claim/claim.c.obj
                0x0000000010000a10                hw_claim_or_assert
 *fill*         0x0000000010000a42        0x2 
 .text.running_on_fpga
                0x0000000010000a44       0x14 CMakeFiles/test.dir/pico-sdk/src/rp2_common/pico_platform/platform.c.obj
                0x0000000010000a44                running_on_fpga
 .text.spin_locks_reset
                0x0000000010000a58       0x20 CMakeFiles/test.dir/pico-sdk/src/rp2_common/hardware_sync/sync.c.obj
                0x0000000010000a58                spin_locks_reset
 .text.next_striped_spin_lock_num
                0x0000000010000a78       0x1c CMakeFiles/test.dir/pico-sdk/src/rp2_common/hardware_sync/sync.c.obj
                0x0000000010000a78                next_striped_spin_lock_num
 .text.set_raw_irq_handler_and_unlock
                0x0000000010000a94       0x28 CMakeFiles/test.dir/pico-sdk/src/rp2_common/hardware_irq/irq.c.obj
 .text.resolve_branch
                0x0000000010000abc       0x30 CMakeFiles/test.dir/pico-sdk/src/rp2_common/hardware_irq/irq.c.obj
 .text.make_branch
                0x0000000010000aec       0x48 CMakeFiles/test.dir/pico-sdk/src/rp2_common/hardware_irq/irq.c.obj
 .text.insert_branch_and_link
                0x0000000010000b34       0x40 CMakeFiles/test.dir/pico-sdk/src/rp2_common/hardware_irq/irq.c.obj
 .text.irq_is_enabled
                0x0000000010000b74       0x18 CMakeFiles/test.dir/pico-sdk/src/rp2_common/hardware_irq/irq.c.obj
                0x0000000010000b74                irq_is_enabled
 .text.irq_set_mask_enabled
                0x0000000010000b8c       0x20 CMakeFiles/test.dir/pico-sdk/src/rp2_common/hardware_irq/irq.c.obj
                0x0000000010000b8c                irq_set_mask_enabled
 .text.irq_set_enabled
                0x0000000010000bac        0xe CMakeFiles/test.dir/pico-sdk/src/rp2_common/hardware_irq/irq.c.obj
                0x0000000010000bac                irq_set_enabled
 *fill*         0x0000000010000bba        0x2 
 .text.irq_get_vtable_handler
                0x0000000010000bbc       0x10 CMakeFiles/test.dir/pico-sdk/src/rp2_common/hardware_irq/irq.c.obj
                0x0000000010000bbc                irq_get_vtable_handler
 .text.irq_set_exclusive_handler
                0x0000000010000bcc       0x54 CMakeFiles/test.dir/pico-sdk/src/rp2_common/hardware_irq/irq.c.obj
                0x0000000010000bcc                irq_set_exclusive_handler
 .text.irq_remove_handler
                0x0000000010000c20      0x188 CMakeFiles/test.dir/pico-sdk/src/rp2_common/hardware_irq/irq.c.obj
                0x0000000010000c20                irq_remove_handler
 .text.irq_add_tail_to_free_list
                0x0000000010000da8       0xf0 CMakeFiles/test.dir/pico-sdk/src/rp2_common/hardware_irq/irq.c.obj
                0x0000000010000da8                irq_add_tail_to_free_list
 .text.irq_init_priorities
                0x0000000010000e98       0x1c CMakeFiles/test.dir/pico-sdk/src/rp2_common/hardware_irq/irq.c.obj
                0x0000000010000e98                irq_init_priorities
 .text.lock_init
                0x0000000010000eb4       0x10 CMakeFiles/test.dir/pico-sdk/src/common/pico_sync/lock_core.c.obj
                0x0000000010000eb4                lock_init
 .text.time_reached
                0x0000000010000ec4       0x28 CMakeFiles/test.dir/pico-sdk/src/common/pico_time/time.c.obj
 .text.get_entry
                0x0000000010000eec       0x38 CMakeFiles/test.dir/pico-sdk/src/common/pico_time/time.c.obj
 .text.timer_pool_entry_comparator
                0x0000000010000f24       0x2e CMakeFiles/test.dir/pico-sdk/src/common/pico_time/time.c.obj
                0x0000000010000f24                timer_pool_entry_comparator
 *fill*         0x0000000010000f52        0x2 
 .text.update_us_since_boot
                0x0000000010000f54       0x24 CMakeFiles/test.dir/pico-sdk/src/common/pico_time/time.c.obj
 .text.delayed_by_us
                0x0000000010000f78       0x36 CMakeFiles/test.dir/pico-sdk/src/common/pico_time/time.c.obj
 *fill*         0x0000000010000fae        0x2 
 .text.ph_get_node
                0x0000000010000fb0       0x30 CMakeFiles/test.dir/pico-sdk/src/common/pico_time/time.c.obj
 .text.ph_contains_node
                0x0000000010000fe0       0x1e CMakeFiles/test.dir/pico-sdk/src/common/pico_time/time.c.obj
 .text.ph_new_node
                0x0000000010000ffe       0x28 CMakeFiles/test.dir/pico-sdk/src/common/pico_time/time.c.obj
 *fill*         0x0000000010001026        0x2 
 .text.ph_add_child_node
                0x0000000010001028       0x6c CMakeFiles/test.dir/pico-sdk/src/common/pico_time/time.c.obj
 .text.ph_merge_nodes
                0x0000000010001094       0x3e CMakeFiles/test.dir/pico-sdk/src/common/pico_time/time.c.obj
 *fill*         0x00000000100010d2        0x2 
 .text.ph_insert_node
                0x00000000100010d4       0x3c CMakeFiles/test.dir/pico-sdk/src/common/pico_time/time.c.obj
 .text.ph_free_node
                0x0000000010001110       0x3c CMakeFiles/test.dir/pico-sdk/src/common/pico_time/time.c.obj
 .text.get_entry_id_high
                0x000000001000114c       0x30 CMakeFiles/test.dir/pico-sdk/src/common/pico_time/time.c.obj
 .text.alarm_pool_post_alloc_init
                0x000000001000117c       0x40 CMakeFiles/test.dir/pico-sdk/src/common/pico_time/time.c.obj
 .text.sleep_until_callback
                0x00000000100011bc       0x30 CMakeFiles/test.dir/pico-sdk/src/common/pico_time/time.c.obj
 .text.get_absolute_time
                0x00000000100011ec       0x22 CMakeFiles/test.dir/pico-sdk/src/common/pico_time/time.c.obj
 .text.make_timeout_time_us
                0x000000001000120e       0x24 CMakeFiles/test.dir/pico-sdk/src/common/pico_time/time.c.obj
 *fill*         0x0000000010001232        0x2 
 .text.add_alarm_under_lock
                0x0000000010001234       0x94 CMakeFiles/test.dir/pico-sdk/src/common/pico_time/time.c.obj
 .text.alarm_pool_alarm_callback
                0x00000000100012c8      0x20c CMakeFiles/test.dir/pico-sdk/src/common/pico_time/time.c.obj
 .text.alarm_pool_init_default
                0x00000000100014d4       0x38 CMakeFiles/test.dir/pico-sdk/src/common/pico_time/time.c.obj
                0x00000000100014d4                alarm_pool_init_default
 .text.alarm_pool_get_default
                0x000000001000150c       0x2c CMakeFiles/test.dir/pico-sdk/src/common/pico_time/time.c.obj
                0x000000001000150c                alarm_pool_get_default
 .text.alarm_pool_add_alarm_at
                0x0000000010001538      0x10e CMakeFiles/test.dir/pico-sdk/src/common/pico_time/time.c.obj
                0x0000000010001538                alarm_pool_add_alarm_at
 .text.add_alarm_at
                0x0000000010001646       0x2e CMakeFiles/test.dir/pico-sdk/src/common/pico_time/time.c.obj
 .text.sleep_until
                0x0000000010001674       0xb0 CMakeFiles/test.dir/pico-sdk/src/common/pico_time/time.c.obj
                0x0000000010001674                sleep_until
 .text.sleep_us
                0x0000000010001724       0x1a CMakeFiles/test.dir/pico-sdk/src/common/pico_time/time.c.obj
                0x0000000010001724                sleep_us
 .text.sleep_ms
                0x000000001000173e       0x14 CMakeFiles/test.dir/pico-sdk/src/common/pico_time/time.c.obj
                0x000000001000173e                sleep_ms
 *fill*         0x0000000010001752        0x2 
 .text.hardware_alarm_irq_handler
                0x0000000010001754       0x88 CMakeFiles/test.dir/pico-sdk/src/rp2_common/hardware_timer/timer.c.obj
 .text.hardware_alarm_claim
                0x00000000100017dc       0x18 CMakeFiles/test.dir/pico-sdk/src/rp2_common/hardware_timer/timer.c.obj
                0x00000000100017dc                hardware_alarm_claim
 .text.time_us_64
                0x00000000100017f4       0x18 CMakeFiles/test.dir/pico-sdk/src/rp2_common/hardware_timer/timer.c.obj
                0x00000000100017f4                time_us_64
 .text.busy_wait_until
                0x000000001000180c       0x28 CMakeFiles/test.dir/pico-sdk/src/rp2_common/hardware_timer/timer.c.obj
                0x000000001000180c                busy_wait_until
 .text.hardware_alarm_set_callback
                0x0000000010001834       0x90 CMakeFiles/test.dir/pico-sdk/src/rp2_common/hardware_timer/timer.c.obj
                0x0000000010001834                hardware_alarm_set_callback
 .text.hardware_alarm_set_target
                0x00000000100018c4       0xe8 CMakeFiles/test.dir/pico-sdk/src/rp2_common/hardware_timer/timer.c.obj
                0x00000000100018c4                hardware_alarm_set_target
 .text.hardware_alarm_cancel
                0x00000000100019ac       0x40 CMakeFiles/test.dir/pico-sdk/src/rp2_common/hardware_timer/timer.c.obj
                0x00000000100019ac                hardware_alarm_cancel
 .text.ph_get_node
                0x00000000100019ec       0x30 CMakeFiles/test.dir/pico-sdk/src/common/pico_util/pheap.c.obj
 .text.ph_add_child_node
                0x0000000010001a1c       0x6c CMakeFiles/test.dir/pico-sdk/src/common/pico_util/pheap.c.obj
 .text.ph_merge_nodes
                0x0000000010001a88       0x3e CMakeFiles/test.dir/pico-sdk/src/common/pico_util/pheap.c.obj
 .text.ph_clear
                0x0000000010001ac6       0x34 CMakeFiles/test.dir/pico-sdk/src/common/pico_util/pheap.c.obj
                0x0000000010001ac6                ph_clear
 .text.ph_post_alloc_init
                0x0000000010001afa        0xe CMakeFiles/test.dir/pico-sdk/src/common/pico_util/pheap.c.obj
                0x0000000010001afa                ph_post_alloc_init
 .text.ph_merge_two_pass
                0x0000000010001b08       0x5c CMakeFiles/test.dir/pico-sdk/src/common/pico_util/pheap.c.obj
                0x0000000010001b08                ph_merge_two_pass
 .text.ph_remove_any_head
                0x0000000010001b64       0xa4 CMakeFiles/test.dir/pico-sdk/src/common/pico_util/pheap.c.obj
 .text.ph_remove_head
                0x0000000010001c08       0x14 CMakeFiles/test.dir/pico-sdk/src/common/pico_util/pheap.c.obj
                0x0000000010001c08                ph_remove_head
 .text.ph_remove_and_free_node
                0x0000000010001c1c       0xa0 CMakeFiles/test.dir/pico-sdk/src/common/pico_util/pheap.c.obj
                0x0000000010001c1c                ph_remove_and_free_node
 .text.mutex_init
                0x0000000010001cbc       0x1a CMakeFiles/test.dir/pico-sdk/src/common/pico_sync/mutex.c.obj
                0x0000000010001cbc                mutex_init
 .text.recursive_mutex_init
                0x0000000010001cd6       0x1e CMakeFiles/test.dir/pico-sdk/src/common/pico_sync/mutex.c.obj
                0x0000000010001cd6                recursive_mutex_init
 .text._exit    0x0000000010001cf4        0x4 CMakeFiles/test.dir/pico-sdk/src/rp2_common/pico_runtime/runtime.c.obj
                0x0000000010001cf4                _exit
 .text.exit     0x0000000010001cf8        0x6 CMakeFiles/test.dir/pico-sdk/src/rp2_common/pico_runtime/runtime.c.obj
                0x0000000010001cf8                exit
 *fill*         0x0000000010001cfe        0x2 
 .text.__assert_func
                0x0000000010001d00       0x38 CMakeFiles/test.dir/pico-sdk/src/rp2_common/pico_runtime/runtime.c.obj
                0x0000000010001d00                __assert_func
 .text.runtime_init
                0x0000000010001d38       0xf8 CMakeFiles/test.dir/pico-sdk/src/rp2_common/pico_runtime/runtime.c.obj
                0x0000000010001d38                runtime_init
 .text.panic    0x0000000010001e30       0x30 CMakeFiles/test.dir/pico-sdk/src/rp2_common/pico_runtime/runtime.c.obj
                0x0000000010001e30                panic
 .text.clock_configure
                0x0000000010001e60      0x104 CMakeFiles/test.dir/pico-sdk/src/rp2_common/hardware_clocks/clocks.c.obj
                0x0000000010001e60                clock_configure
 .text.clocks_init
                0x0000000010001f64      0x100 CMakeFiles/test.dir/pico-sdk/src/rp2_common/hardware_clocks/clocks.c.obj
                0x0000000010001f64                clocks_init
 .text.clock_get_hz
                0x0000000010002064        0xc CMakeFiles/test.dir/pico-sdk/src/rp2_common/hardware_clocks/clocks.c.obj
                0x0000000010002064                clock_get_hz
 .text.pll_init
                0x0000000010002070      0x140 CMakeFiles/test.dir/pico-sdk/src/rp2_common/hardware_pll/pll.c.obj
                0x0000000010002070                pll_init
 .text.watchdog_start_tick
                0x00000000100021b0       0x10 CMakeFiles/test.dir/pico-sdk/src/rp2_common/hardware_watchdog/watchdog.c.obj
                0x00000000100021b0                watchdog_start_tick
 .text.xosc_init
                0x00000000100021c0       0x28 CMakeFiles/test.dir/pico-sdk/src/rp2_common/hardware_xosc/xosc.c.obj
                0x00000000100021c0                xosc_init
 .text._out_null
                0x00000000100021e8        0x2 CMakeFiles/test.dir/pico-sdk/src/rp2_common/pico_printf/printf.c.obj
 .text._out_fct
                0x00000000100021ea        0xe CMakeFiles/test.dir/pico-sdk/src/rp2_common/pico_printf/printf.c.obj
 .text._atoi    0x00000000100021f8       0x24 CMakeFiles/test.dir/pico-sdk/src/rp2_common/pico_printf/printf.c.obj
 .text._out_rev
                0x000000001000221c       0xae CMakeFiles/test.dir/pico-sdk/src/rp2_common/pico_printf/printf.c.obj
 .text._ntoa_format
                0x00000000100022ca      0x110 CMakeFiles/test.dir/pico-sdk/src/rp2_common/pico_printf/printf.c.obj
 .text._ntoa_long
                0x00000000100023da       0xbc CMakeFiles/test.dir/pico-sdk/src/rp2_common/pico_printf/printf.c.obj
 .text._ntoa_long_long
                0x0000000010002496      0x10e CMakeFiles/test.dir/pico-sdk/src/rp2_common/pico_printf/printf.c.obj
 .text._etoa    0x00000000100025a4      0x420 CMakeFiles/test.dir/pico-sdk/src/rp2_common/pico_printf/printf.c.obj
 .text._ftoa    0x00000000100029c4      0x354 CMakeFiles/test.dir/pico-sdk/src/rp2_common/pico_printf/printf.c.obj
 .text._vsnprintf
                0x0000000010002d18      0x65c CMakeFiles/test.dir/pico-sdk/src/rp2_common/pico_printf/printf.c.obj
 .text.vfctprintf
                0x0000000010003374       0x20 CMakeFiles/test.dir/pico-sdk/src/rp2_common/pico_printf/printf.c.obj
                0x0000000010003374                vfctprintf
 .text          0x0000000010003394       0x10 CMakeFiles/test.dir/pico-sdk/src/rp2_common/pico_bit_ops/bit_ops_aeabi.S.obj
 .text.rom_func_lookup
                0x00000000100033a4       0x10 CMakeFiles/test.dir/pico-sdk/src/rp2_common/pico_bootrom/bootrom.c.obj
                0x00000000100033a4                rom_func_lookup
 .text.rom_data_lookup
                0x00000000100033b4       0x10 CMakeFiles/test.dir/pico-sdk/src/rp2_common/pico_bootrom/bootrom.c.obj
                0x00000000100033b4                rom_data_lookup
 .text.rom_funcs_lookup
                0x00000000100033c4       0x36 CMakeFiles/test.dir/pico-sdk/src/rp2_common/pico_bootrom/bootrom.c.obj
                0x00000000100033c4                rom_funcs_lookup
 *fill*         0x00000000100033fa        0x2 
 .text.__wrap___aeabi_idiv
                0x00000000100033fc       0x50 CMakeFiles/test.dir/pico-sdk/src/rp2_common/pico_divider/divider.S.obj
                0x00000000100033fc                __wrap___aeabi_idivmod
                0x00000000100033fc                divmod_s32s32
                0x00000000100033fc                div_s32s32
                0x00000000100033fc                __wrap___aeabi_idiv
                0x0000000010003404                divmod_s32s32_unsafe
                0x0000000010003430                divmod_s32s32_savestate
 .text.__wrap___aeabi_uidiv
                0x000000001000344c       0x4c CMakeFiles/test.dir/pico-sdk/src/rp2_common/pico_divider/divider.S.obj
                0x000000001000344c                __wrap___aeabi_uidiv
                0x000000001000344c                __wrap___aeabi_uidivmod
                0x000000001000344c                div_u32u32
                0x000000001000344c                divmod_u32u32
                0x0000000010003454                divmod_u32u32_unsafe
                0x000000001000347c                divmod_u32u32_savestate
 .text.__wrap___aeabi_ldiv
                0x0000000010003498      0x434 CMakeFiles/test.dir/pico-sdk/src/rp2_common/pico_divider/divider.S.obj
                0x0000000010003498                div_s64s64
                0x0000000010003498                divmod_s64s64
                0x0000000010003498                __wrap___aeabi_ldivmod
                0x00000000100034d0                divmod_u64u64
                0x00000000100034d0                div_u64u64
                0x00000000100034d0                __wrap___aeabi_uldivmod
                0x00000000100034e0                divmod_u64u64_savestate
                0x0000000010003508                divmod_s64s64_unsafe
                0x0000000010003590                divmod_u64u64_unsafe
 .text.__wrap___aeabi_darithmetic
                0x00000000100038cc       0x80 CMakeFiles/test.dir/pico-sdk/src/rp2_common/pico_double/double_aeabi.S.obj
                0x00000000100038cc                __wrap___aeabi_drsub
                0x00000000100038d2                __wrap___aeabi_dsub
                0x00000000100038e4                __wrap___aeabi_dadd
                0x00000000100038f6                __wrap___aeabi_ddiv
                0x0000000010003932                __wrap___aeabi_dmul
 .text.__wrap___aeabi_cdcmple
                0x000000001000394c       0x6c CMakeFiles/test.dir/pico-sdk/src/rp2_common/pico_double/double_aeabi.S.obj
                0x000000001000394c                __wrap___aeabi_cdrcmple
                0x000000001000395c                __wrap___aeabi_cdcmpeq
                0x000000001000395c                __wrap___aeabi_cdcmple
 .text.__wrap___aeabi_dcmplt
                0x00000000100039b8        0xc CMakeFiles/test.dir/pico-sdk/src/rp2_common/pico_double/double_aeabi.S.obj
                0x00000000100039b8                __wrap___aeabi_dcmplt
 .text.__wrap___aeabi_dcmple
                0x00000000100039c4       0x10 CMakeFiles/test.dir/pico-sdk/src/rp2_common/pico_double/double_aeabi.S.obj
                0x00000000100039c4                __wrap___aeabi_dcmple
 .text.__wrap___aeabi_dcmpge
                0x00000000100039d4       0x10 CMakeFiles/test.dir/pico-sdk/src/rp2_common/pico_double/double_aeabi.S.obj
                0x00000000100039d4                __wrap___aeabi_dcmpge
 .text.__wrap___aeabi_dcmpgt
                0x00000000100039e4        0xa CMakeFiles/test.dir/pico-sdk/src/rp2_common/pico_double/double_aeabi.S.obj
                0x00000000100039e4                __wrap___aeabi_dcmpgt
 .text.__wrap___aeabi_dcmpun
                0x00000000100039ee       0x1c CMakeFiles/test.dir/pico-sdk/src/rp2_common/pico_double/double_aeabi.S.obj
                0x00000000100039ee                __wrap___aeabi_dcmpun
 *fill*         0x0000000010003a0a        0x2 
 .text.__wrap___aeabi_i2d
                0x0000000010003a0c       0x38 CMakeFiles/test.dir/pico-sdk/src/rp2_common/pico_double/double_aeabi.S.obj
                0x0000000010003a0c                __wrap___aeabi_ui2d
                0x0000000010003a14                __wrap___aeabi_i2d
 .text.__wrap___aeabi_d2iz
                0x0000000010003a44       0x48 CMakeFiles/test.dir/pico-sdk/src/rp2_common/pico_double/double_aeabi.S.obj
                0x0000000010003a44                double2int_z
                0x0000000010003a44                __wrap___aeabi_d2iz
 .text.__wrap___aeabi_d2uiz
                0x0000000010003a8c       0x18 CMakeFiles/test.dir/pico-sdk/src/rp2_common/pico_double/double_aeabi.S.obj
                0x0000000010003a8c                __wrap___aeabi_d2uiz
                0x0000000010003a8c                double2uint
 .text.__aeabi_double_init
                0x0000000010003aa4       0xcc CMakeFiles/test.dir/pico-sdk/src/rp2_common/pico_double/double_init_rom.c.obj
                0x0000000010003aa4                __aeabi_double_init
 .text.double_table_shim_on_use_helper
                0x0000000010003b70       0x34 CMakeFiles/test.dir/pico-sdk/src/rp2_common/pico_double/double_v1_rom_shim.S.obj
                0x0000000010003b70                double_table_shim_on_use_helper
 .text.__wrap___aeabi_dsub
                0x0000000010003ba4       0x10 CMakeFiles/test.dir/pico-sdk/src/rp2_common/pico_double/double_v1_rom_shim.S.obj
                0x0000000010003ba4                drsub_shim
                0x0000000010003baa                dsub_shim
 .text.dadd_shim
                0x0000000010003bb4      0x15c CMakeFiles/test.dir/pico-sdk/src/rp2_common/pico_double/double_v1_rom_shim.S.obj
                0x0000000010003bb4                dadd_shim
 .text.dmul_shim
                0x0000000010003d10      0x15c CMakeFiles/test.dir/pico-sdk/src/rp2_common/pico_double/double_v1_rom_shim.S.obj
                0x0000000010003d10                dmul_shim
 .text.ddiv_shim
                0x0000000010003e6c      0x1b0 CMakeFiles/test.dir/pico-sdk/src/rp2_common/pico_double/double_v1_rom_shim.S.obj
                0x0000000010003e6c                ddiv_shim
 .text.double2uint_shim
                0x000000001000401c        0xe CMakeFiles/test.dir/pico-sdk/src/rp2_common/pico_double/double_v1_rom_shim.S.obj
                0x000000001000401c                double2uint_shim
                0x000000001000401e                double2ufix_shim
 *fill*         0x000000001000402a        0x2 
 .text.double2uint64_shim
                0x000000001000402c       0x70 CMakeFiles/test.dir/pico-sdk/src/rp2_common/pico_double/double_v1_rom_shim.S.obj
                0x000000001000402c                double2uint64_shim
                0x000000001000402e                double2ufix64_shim
                0x000000001000404e                d2fix_a
 .text.dunpacks
                0x000000001000409c       0x3c CMakeFiles/test.dir/pico-sdk/src/rp2_common/pico_double/double_v1_rom_shim.S.obj
                0x000000001000409c                dunpacks
 .text.__aeabi_lmul
                0x00000000100040d8       0x32 CMakeFiles/test.dir/pico-sdk/src/rp2_common/pico_int64_ops/pico_int64_ops_aeabi.S.obj
                0x00000000100040d8                __wrap___aeabi_lmul
 *fill*         0x000000001000410a        0x2 
 .text.__aeabi_float_init
                0x000000001000410c       0xfc CMakeFiles/test.dir/pico-sdk/src/rp2_common/pico_float/float_init_rom.c.obj
                0x000000001000410c                __aeabi_float_init
 .text.float_table_shim_on_use_helper
                0x0000000010004208       0x34 CMakeFiles/test.dir/pico-sdk/src/rp2_common/pico_float/float_v1_rom_shim.S.obj
                0x0000000010004208                float_table_shim_on_use_helper
 .text          0x000000001000423c       0x10 CMakeFiles/test.dir/pico-sdk/src/rp2_common/pico_mem_ops/mem_ops_aeabi.S.obj
                0x000000001000423c                __aeabi_mem_init
 .text.memset   0x000000001000424c        0xc CMakeFiles/test.dir/pico-sdk/src/rp2_common/pico_mem_ops/mem_ops_aeabi.S.obj
                0x000000001000424c                __wrap_memset
 .text.memcpy   0x0000000010004258        0xc CMakeFiles/test.dir/pico-sdk/src/rp2_common/pico_mem_ops/mem_ops_aeabi.S.obj
                0x0000000010004258                __wrap_memcpy
                0x0000000010004258                __wrap___aeabi_memcpy
 .text.stdio_out_chars_no_crlf
                0x0000000010004264        0xe CMakeFiles/test.dir/pico-sdk/src/rp2_common/pico_stdio/stdio.c.obj
 *fill*         0x0000000010004272        0x2 
 .text.stdio_out_chars_crlf
                0x0000000010004274       0x80 CMakeFiles/test.dir/pico-sdk/src/rp2_common/pico_stdio/stdio.c.obj
 .text.stdio_stack_buffer_flush
                0x00000000100042f4       0x44 CMakeFiles/test.dir/pico-sdk/src/rp2_common/pico_stdio/stdio.c.obj
 .text.stdio_buffered_printer
                0x0000000010004338       0x20 CMakeFiles/test.dir/pico-sdk/src/rp2_common/pico_stdio/stdio.c.obj
 .text.stdout_serialize_begin
                0x0000000010004358       0x30 CMakeFiles/test.dir/pico-sdk/src/rp2_common/pico_stdio/stdio.c.obj
                0x0000000010004358                stdout_serialize_begin
 .text.stdout_serialize_end
                0x0000000010004388       0x10 CMakeFiles/test.dir/pico-sdk/src/rp2_common/pico_stdio/stdio.c.obj
                0x0000000010004388                stdout_serialize_end
 .text.stdio_put_string
                0x0000000010004398       0x98 CMakeFiles/test.dir/pico-sdk/src/rp2_common/pico_stdio/stdio.c.obj
 .text.stdio_flush
                0x0000000010004430       0x20 CMakeFiles/test.dir/pico-sdk/src/rp2_common/pico_stdio/stdio.c.obj
                0x0000000010004430                stdio_flush
 .text.__wrap_puts
                0x0000000010004450       0x1e CMakeFiles/test.dir/pico-sdk/src/rp2_common/pico_stdio/stdio.c.obj
                0x0000000010004450                __wrap_puts
 *fill*         0x000000001000446e        0x2 
 .text.__wrap_vprintf
                0x0000000010004470       0x44 CMakeFiles/test.dir/pico-sdk/src/rp2_common/pico_stdio/stdio.c.obj
                0x0000000010004470                __wrap_vprintf
 .text.__wrap_printf
                0x00000000100044b4       0x18 CMakeFiles/test.dir/pico-sdk/src/rp2_common/pico_stdio/stdio.c.obj
                0x00000000100044b4                __wrap_printf
 .text.spi_set_baudrate
                0x00000000100044cc       0x92 CMakeFiles/test.dir/pico-sdk/src/rp2_common/hardware_spi/spi.c.obj
                0x00000000100044cc                spi_set_baudrate
 *fill*         0x000000001000455e        0x2 
 .text.spi_init
                0x0000000010004560       0x68 CMakeFiles/test.dir/pico-sdk/src/rp2_common/hardware_spi/spi.c.obj
                0x0000000010004560                spi_init
 .text          0x00000000100045c8       0x10 c:/msys64/mingw64/bin/../lib/gcc/arm-none-eabi/12.2.0/../../../../arm-none-eabi/lib/thumb/v6-m/nofp\libg.a(lib_a-atexit.o)
                0x00000000100045c8                atexit
 .text          0x00000000100045d8       0x28 c:/msys64/mingw64/bin/../lib/gcc/arm-none-eabi/12.2.0/../../../../arm-none-eabi/lib/thumb/v6-m/nofp\libg.a(lib_a-fini.o)
                0x00000000100045d8                __libc_fini_array
 .text          0x0000000010004600       0x5c c:/msys64/mingw64/bin/../lib/gcc/arm-none-eabi/12.2.0/../../../../arm-none-eabi/lib/thumb/v6-m/nofp\libg.a(lib_a-strlen-stub.o)
                0x0000000010004600                strlen
 .text          0x000000001000465c       0xb0 c:/msys64/mingw64/bin/../lib/gcc/arm-none-eabi/12.2.0/../../../../arm-none-eabi/lib/thumb/v6-m/nofp\libg.a(lib_a-__atexit.o)
                0x000000001000465c                __register_exitproc
 .text.startup  0x000000001000470c       0x18 c:/msys64/mingw64/bin/../lib/gcc/arm-none-eabi/12.2.0/../../../../arm-none-eabi/lib/thumb/v6-m/nofp\libg.a(lib_a-__call_atexit.o)
 .text          0x0000000010004724       0x28 c:/msys64/mingw64/bin/../lib/gcc/arm-none-eabi/12.2.0/../../../../arm-none-eabi/lib/thumb/v6-m/nofp\libg.a(lib_a-lock.o)
                0x0000000010004724                __retarget_lock_init
                0x0000000010004728                __retarget_lock_init_recursive
                0x000000001000472c                __retarget_lock_close
                0x0000000010004730                __retarget_lock_close_recursive
                0x0000000010004734                __retarget_lock_acquire
                0x0000000010004738                __retarget_lock_acquire_recursive
                0x000000001000473c                __retarget_lock_try_acquire
                0x0000000010004740                __retarget_lock_try_acquire_recursive
                0x0000000010004744                __retarget_lock_release
                0x0000000010004748                __retarget_lock_release_recursive
 *(.fini)
 .fini          0x000000001000474c        0x4 c:/msys64/mingw64/bin/../lib/gcc/arm-none-eabi/12.2.0/thumb/v6-m/nofp/crti.o
                0x000000001000474c                _fini
 .fini.__stub   0x0000000010004750       0x60 linker stubs
 *crtbegin.o(.ctors)
 *crtbegin?.o(.ctors)
 *(EXCLUDE_FILE(*crtend.o *crtend?.o) .ctors)
 *(SORT_BY_NAME(.ctors.*))
 *(.ctors)
 *crtbegin.o(.dtors)
 *crtbegin?.o(.dtors)
 *(EXCLUDE_FILE(*crtend.o *crtend?.o) .dtors)
 *(SORT_BY_NAME(.dtors.*))
 *(.dtors)
 *(.eh_frame*)
 .eh_frame      0x00000000100047b0        0x0 c:/msys64/mingw64/bin/../lib/gcc/arm-none-eabi/12.2.0/thumb/v6-m/nofp/crtbegin.o
                0x00000000100047b0                . = ALIGN (0x4)

.glue_7         0x00000000100047b0        0x0
 .glue_7        0x00000000100047b0        0x0 linker stubs

.glue_7t        0x00000000100047b0        0x0
 .glue_7t       0x00000000100047b0        0x0 linker stubs

.vfp11_veneer   0x00000000100047b0        0x0
 .vfp11_veneer  0x00000000100047b0        0x0 linker stubs

.v4_bx          0x00000000100047b0        0x0
 .v4_bx         0x00000000100047b0        0x0 linker stubs

.iplt           0x00000000100047b0        0x0
 .iplt          0x00000000100047b0        0x0 c:/msys64/mingw64/bin/../lib/gcc/arm-none-eabi/12.2.0/thumb/v6-m/nofp/crtbegin.o

.rodata         0x00000000100047b0      0xe78
 *(EXCLUDE_FILE(*libm.a: *libc.a:*lib_a-mem*.o *libgcc.a:) .rodata*)
 .rodata.reset_pin
                0x00000000100047b0        0x4 CMakeFiles/test.dir/src/digitalIO.c.obj
                0x00000000100047b0                reset_pin
 .rodata.cmd_pin
                0x00000000100047b4        0x4 CMakeFiles/test.dir/src/digitalIO.c.obj
                0x00000000100047b4                cmd_pin
 .rodata        0x00000000100047b8       0x6c CMakeFiles/test.dir/src/main.c.obj
 .rodata.resolve_branch.str1.4
                0x0000000010004824       0x63 CMakeFiles/test.dir/pico-sdk/src/rp2_common/hardware_irq/irq.c.obj
 *fill*         0x0000000010004887        0x1 
 .rodata.make_branch.str1.4
                0x0000000010004888       0x30 CMakeFiles/test.dir/pico-sdk/src/rp2_common/hardware_irq/irq.c.obj
 .rodata.insert_branch_and_link.str1.4
                0x00000000100048b8       0x10 CMakeFiles/test.dir/pico-sdk/src/rp2_common/hardware_irq/irq.c.obj
 .rodata.irq_set_exclusive_handler.str1.4
                0x00000000100048c8       0x36 CMakeFiles/test.dir/pico-sdk/src/rp2_common/hardware_irq/irq.c.obj
 *fill*         0x00000000100048fe        0x2 
 .rodata.irq_remove_handler.str1.4
                0x0000000010004900       0x2a CMakeFiles/test.dir/pico-sdk/src/rp2_common/hardware_irq/irq.c.obj
 *fill*         0x000000001000492a        0x2 
 .rodata.irq_add_tail_to_free_list.str1.4
                0x000000001000492c       0x3a CMakeFiles/test.dir/pico-sdk/src/rp2_common/hardware_irq/irq.c.obj
 *fill*         0x0000000010004966        0x2 
 .rodata.__func__.0
                0x0000000010004968       0x1a CMakeFiles/test.dir/pico-sdk/src/rp2_common/hardware_irq/irq.c.obj
 *fill*         0x0000000010004982        0x2 
 .rodata.__func__.1
                0x0000000010004984       0x17 CMakeFiles/test.dir/pico-sdk/src/rp2_common/hardware_irq/irq.c.obj
 *fill*         0x000000001000499b        0x1 
 .rodata.__func__.2
                0x000000001000499c       0x13 CMakeFiles/test.dir/pico-sdk/src/rp2_common/hardware_irq/irq.c.obj
 *fill*         0x00000000100049af        0x1 
 .rodata.__func__.3
                0x00000000100049b0        0xc CMakeFiles/test.dir/pico-sdk/src/rp2_common/hardware_irq/irq.c.obj
 .rodata.__func__.4
                0x00000000100049bc        0xf CMakeFiles/test.dir/pico-sdk/src/rp2_common/hardware_irq/irq.c.obj
 *fill*         0x00000000100049cb        0x1 
 .rodata.__func__.6
                0x00000000100049cc       0x1a CMakeFiles/test.dir/pico-sdk/src/rp2_common/hardware_irq/irq.c.obj
 *fill*         0x00000000100049e6        0x2 
 .rodata.get_entry.str1.4
                0x00000000100049e8       0x69 CMakeFiles/test.dir/pico-sdk/src/common/pico_time/time.c.obj
 *fill*         0x0000000010004a51        0x3 
 .rodata.update_us_since_boot.str1.4
                0x0000000010004a54       0x6f CMakeFiles/test.dir/pico-sdk/src/common/pico_time/time.c.obj
 *fill*         0x0000000010004ac3        0x1 
 .rodata.ph_get_node.str1.4
                0x0000000010004ac4       0x74 CMakeFiles/test.dir/pico-sdk/src/common/pico_time/time.c.obj
 .rodata.ph_add_child_node.str1.4
                0x0000000010004b38       0x2e CMakeFiles/test.dir/pico-sdk/src/common/pico_time/time.c.obj
 *fill*         0x0000000010004b66        0x2 
 .rodata.ph_insert_node.str1.4
                0x0000000010004b68        0x3 CMakeFiles/test.dir/pico-sdk/src/common/pico_time/time.c.obj
 *fill*         0x0000000010004b6b        0x1 
 .rodata.ph_free_node.str1.4
                0x0000000010004b6c       0x22 CMakeFiles/test.dir/pico-sdk/src/common/pico_time/time.c.obj
 *fill*         0x0000000010004b8e        0x2 
 .rodata.add_alarm_under_lock.str1.4
                0x0000000010004b90       0x28 CMakeFiles/test.dir/pico-sdk/src/common/pico_time/time.c.obj
 .rodata.alarm_pool_alarm_callback.str1.4
                0x0000000010004bb8       0x60 CMakeFiles/test.dir/pico-sdk/src/common/pico_time/time.c.obj
 .rodata.alarm_pool_get_default.str1.4
                0x0000000010004c18       0x21 CMakeFiles/test.dir/pico-sdk/src/common/pico_time/time.c.obj
 *fill*         0x0000000010004c39        0x3 
 .rodata.sleep_until.str1.4
                0x0000000010004c3c       0x4d CMakeFiles/test.dir/pico-sdk/src/common/pico_time/time.c.obj
 *fill*         0x0000000010004c89        0x3 
 .rodata.__func__.3
                0x0000000010004c8c       0x17 CMakeFiles/test.dir/pico-sdk/src/common/pico_time/time.c.obj
 *fill*         0x0000000010004ca3        0x1 
 .rodata.__func__.4
                0x0000000010004ca4       0x12 CMakeFiles/test.dir/pico-sdk/src/common/pico_time/time.c.obj
 *fill*         0x0000000010004cb6        0x2 
 .rodata.__func__.5
                0x0000000010004cb8        0xd CMakeFiles/test.dir/pico-sdk/src/common/pico_time/time.c.obj
 *fill*         0x0000000010004cc5        0x3 
 .rodata.__func__.6
                0x0000000010004cc8       0x12 CMakeFiles/test.dir/pico-sdk/src/common/pico_time/time.c.obj
 *fill*         0x0000000010004cda        0x2 
 .rodata.__func__.7
                0x0000000010004cdc        0xf CMakeFiles/test.dir/pico-sdk/src/common/pico_time/time.c.obj
 *fill*         0x0000000010004ceb        0x1 
 .rodata.__func__.8
                0x0000000010004cec        0xc CMakeFiles/test.dir/pico-sdk/src/common/pico_time/time.c.obj
 .rodata.__func__.9
                0x0000000010004cf8       0x15 CMakeFiles/test.dir/pico-sdk/src/common/pico_time/time.c.obj
 *fill*         0x0000000010004d0d        0x3 
 .rodata.__func__.10
                0x0000000010004d10       0x15 CMakeFiles/test.dir/pico-sdk/src/common/pico_time/time.c.obj
 *fill*         0x0000000010004d25        0x3 
 .rodata.__func__.11
                0x0000000010004d28       0x1a CMakeFiles/test.dir/pico-sdk/src/common/pico_time/time.c.obj
 *fill*         0x0000000010004d42        0x2 
 .rodata.__func__.12
                0x0000000010004d44        0xa CMakeFiles/test.dir/pico-sdk/src/common/pico_time/time.c.obj
 *fill*         0x0000000010004d4e        0x2 
 .rodata.hardware_alarm_claim.str1.4
                0x0000000010004d50       0x22 CMakeFiles/test.dir/pico-sdk/src/rp2_common/hardware_timer/timer.c.obj
 *fill*         0x0000000010004d72        0x2 
 .rodata.hardware_alarm_set_target.str1.4
                0x0000000010004d74       0x73 CMakeFiles/test.dir/pico-sdk/src/rp2_common/hardware_timer/timer.c.obj
 *fill*         0x0000000010004de7        0x1 
 .rodata.__func__.0
                0x0000000010004de8       0x1a CMakeFiles/test.dir/pico-sdk/src/rp2_common/hardware_timer/timer.c.obj
 .rodata.ph_get_node.str1.4
                0x0000000010004e02       0x74 CMakeFiles/test.dir/pico-sdk/src/common/pico_util/pheap.c.obj
 .rodata.ph_add_child_node.str1.4
                0x0000000010004e02       0x2e CMakeFiles/test.dir/pico-sdk/src/common/pico_util/pheap.c.obj
 *fill*         0x0000000010004e02        0x2 
 .rodata.ph_remove_any_head.str1.4
                0x0000000010004e04       0x9c CMakeFiles/test.dir/pico-sdk/src/common/pico_util/pheap.c.obj
 .rodata.ph_remove_and_free_node.str1.4
                0x0000000010004ea0       0x1e CMakeFiles/test.dir/pico-sdk/src/common/pico_util/pheap.c.obj
                                         0x26 (size before relaxing)
 *fill*         0x0000000010004ebe        0x2 
 .rodata.__func__.0
                0x0000000010004ec0       0x18 CMakeFiles/test.dir/pico-sdk/src/common/pico_util/pheap.c.obj
 .rodata.__func__.1
                0x0000000010004ed8       0x13 CMakeFiles/test.dir/pico-sdk/src/common/pico_util/pheap.c.obj
 *fill*         0x0000000010004eeb        0x1 
 .rodata.__func__.2
                0x0000000010004eec       0x12 CMakeFiles/test.dir/pico-sdk/src/common/pico_util/pheap.c.obj
 *fill*         0x0000000010004efe        0x2 
 .rodata.__func__.3
                0x0000000010004f00        0xc CMakeFiles/test.dir/pico-sdk/src/common/pico_util/pheap.c.obj
 .rodata.str1.4
                0x0000000010004f0c       0x99 CMakeFiles/test.dir/pico-sdk/src/common/pico_sync/mutex.c.obj
 *fill*         0x0000000010004fa5        0x3 
 .rodata.__func__.1
                0x0000000010004fa8        0xb CMakeFiles/test.dir/pico-sdk/src/common/pico_sync/mutex.c.obj
 *fill*         0x0000000010004fb3        0x1 
 .rodata.__assert_func.str1.4
                0x0000000010004fb4       0x3f CMakeFiles/test.dir/pico-sdk/src/rp2_common/pico_runtime/runtime.c.obj
                                         0x43 (size before relaxing)
 *fill*         0x0000000010004ff3        0x1 
 .rodata.runtime_init.str1.4
                0x0000000010004ff4       0x6f CMakeFiles/test.dir/pico-sdk/src/rp2_common/pico_runtime/runtime.c.obj
 *fill*         0x0000000010005063        0x1 
 .rodata.panic.str1.4
                0x0000000010005064       0x12 CMakeFiles/test.dir/pico-sdk/src/rp2_common/pico_runtime/runtime.c.obj
 *fill*         0x0000000010005076        0x2 
 .rodata.__func__.1
                0x0000000010005078        0xd CMakeFiles/test.dir/pico-sdk/src/rp2_common/pico_runtime/runtime.c.obj
 *fill*         0x0000000010005085        0x3 
 .rodata.clock_configure.str1.4
                0x0000000010005088       0x65 CMakeFiles/test.dir/pico-sdk/src/rp2_common/hardware_clocks/clocks.c.obj
 *fill*         0x00000000100050ed        0x3 
 .rodata.__func__.1
                0x00000000100050f0       0x10 CMakeFiles/test.dir/pico-sdk/src/rp2_common/hardware_clocks/clocks.c.obj
 .rodata.pll_init.str1.4
                0x0000000010005100      0x147 CMakeFiles/test.dir/pico-sdk/src/rp2_common/hardware_pll/pll.c.obj
 *fill*         0x0000000010005247        0x1 
 .rodata.__func__.0
                0x0000000010005248        0x9 CMakeFiles/test.dir/pico-sdk/src/rp2_common/hardware_pll/pll.c.obj
 *fill*         0x0000000010005251        0x3 
 .rodata._ftoa.str1.4
                0x0000000010005254       0x15 CMakeFiles/test.dir/pico-sdk/src/rp2_common/pico_printf/printf.c.obj
 *fill*         0x0000000010005269        0x3 
 .rodata._vsnprintf
                0x000000001000526c      0x19c CMakeFiles/test.dir/pico-sdk/src/rp2_common/pico_printf/printf.c.obj
 .rodata.pow10.0
                0x0000000010005408       0x50 CMakeFiles/test.dir/pico-sdk/src/rp2_common/pico_printf/printf.c.obj
 .rodata.__aeabi_double_init.str1.4
                0x0000000010005458       0xb6 CMakeFiles/test.dir/pico-sdk/src/rp2_common/pico_double/double_init_rom.c.obj
 *fill*         0x000000001000550e        0x2 
 .rodata.__func__.0
                0x0000000010005510       0x14 CMakeFiles/test.dir/pico-sdk/src/rp2_common/pico_double/double_init_rom.c.obj
 .rodata.__aeabi_float_init.str1.4
                0x0000000010005524       0x88 CMakeFiles/test.dir/pico-sdk/src/rp2_common/pico_float/float_init_rom.c.obj
                                         0x8c (size before relaxing)
 .rodata.__func__.0
                0x00000000100055ac       0x13 CMakeFiles/test.dir/pico-sdk/src/rp2_common/pico_float/float_init_rom.c.obj
 *fill*         0x00000000100055bf        0x1 
 .rodata.str1.4
                0x00000000100055c0       0x3c CMakeFiles/test.dir/pico-sdk/src/rp2_common/pico_standard_link/binary_info.c.obj
 .rodata.__bi_81
                0x00000000100055fc        0xc CMakeFiles/test.dir/pico-sdk/src/rp2_common/pico_standard_link/binary_info.c.obj
 .rodata.__bi_75
                0x0000000010005608        0xc CMakeFiles/test.dir/pico-sdk/src/rp2_common/pico_standard_link/binary_info.c.obj
 .rodata.__bi_44
                0x0000000010005614        0xc CMakeFiles/test.dir/pico-sdk/src/rp2_common/pico_standard_link/binary_info.c.obj
 .rodata.crlf_str.3
                0x0000000010005620        0x2 CMakeFiles/test.dir/pico-sdk/src/rp2_common/pico_stdio/stdio.c.obj
 *fill*         0x0000000010005622        0x2 
 .rodata        0x0000000010005624        0x4 c:/msys64/mingw64/bin/../lib/gcc/arm-none-eabi/12.2.0/../../../../arm-none-eabi/lib/thumb/v6-m/nofp\libg.a(lib_a-impure.o)
                0x0000000010005624                _global_impure_ptr
                0x0000000010005628                . = ALIGN (0x4)
 *(SORT_BY_ALIGNMENT(SORT_BY_NAME(.flashdata*)))
                0x0000000010005628                . = ALIGN (0x4)

.rel.dyn        0x0000000010005628        0x0
 .rel.iplt      0x0000000010005628        0x0 c:/msys64/mingw64/bin/../lib/gcc/arm-none-eabi/12.2.0/thumb/v6-m/nofp/crtbegin.o

.ARM.extab
 *(.ARM.extab* .gnu.linkonce.armextab.*)
                0x0000000010005628                __exidx_start = .

.ARM.exidx
 *(.ARM.exidx* .gnu.linkonce.armexidx.*)
                0x0000000010005628                __exidx_end = .
                0x0000000010005628                . = ALIGN (0x4)
                0x0000000010005628                __binary_info_start = .

.binary_info    0x0000000010005628       0x1c
 *(.binary_info.keep.*)
 .binary_info.keep.__bi_ptr81
                0x0000000010005628        0x4 CMakeFiles/test.dir/pico-sdk/src/rp2_common/pico_standard_link/binary_info.c.obj
 .binary_info.keep.__bi_ptr75
                0x000000001000562c        0x4 CMakeFiles/test.dir/pico-sdk/src/rp2_common/pico_standard_link/binary_info.c.obj
 .binary_info.keep.__bi_ptr50
                0x0000000010005630        0x4 CMakeFiles/test.dir/pico-sdk/src/rp2_common/pico_standard_link/binary_info.c.obj
 .binary_info.keep.__bi_ptr44
                0x0000000010005634        0x4 CMakeFiles/test.dir/pico-sdk/src/rp2_common/pico_standard_link/binary_info.c.obj
 .binary_info.keep.__bi_ptr38
                0x0000000010005638        0x4 CMakeFiles/test.dir/pico-sdk/src/rp2_common/pico_standard_link/binary_info.c.obj
 .binary_info.keep.__bi_ptr30
                0x000000001000563c        0x4 CMakeFiles/test.dir/pico-sdk/src/rp2_common/pico_standard_link/binary_info.c.obj
 .binary_info.keep.__bi_ptr22
                0x0000000010005640        0x4 CMakeFiles/test.dir/pico-sdk/src/rp2_common/pico_standard_link/binary_info.c.obj
 *(.binary_info.*)
                0x0000000010005644                __binary_info_end = .
                0x0000000010005644                . = ALIGN (0x4)
                0x0000000010005644                __etext = .

.ram_vector_table
                0x0000000020000000       0xc0
 *(.ram_vector_table)
 .ram_vector_table
                0x0000000020000000       0xc0 CMakeFiles/test.dir/pico-sdk/src/rp2_common/pico_runtime/runtime.c.obj
                0x0000000020000000                ram_vector_table

.data           0x00000000200000c0      0x624 load address 0x0000000010005644
                0x00000000200000c0                __data_start__ = .
 *(vtable)
 *(.time_critical*)
 .time_critical.mutex_enter_blocking
                0x00000000200000c0       0x48 CMakeFiles/test.dir/pico-sdk/src/common/pico_sync/mutex.c.obj
                0x00000000200000c0                mutex_enter_blocking
 .time_critical.mutex_try_enter
                0x0000000020000108       0x46 CMakeFiles/test.dir/pico-sdk/src/common/pico_sync/mutex.c.obj
                0x0000000020000108                mutex_try_enter
 *fill*         0x000000002000014e        0x2 
 .time_critical.mutex_exit
                0x0000000020000150       0x4c CMakeFiles/test.dir/pico-sdk/src/common/pico_sync/mutex.c.obj
                0x0000000020000150                mutex_exit
 .time_critical.spi_write_blocking
                0x000000002000019c       0x3a CMakeFiles/test.dir/pico-sdk/src/rp2_common/hardware_spi/spi.c.obj
                0x000000002000019c                spi_write_blocking
 *(.text*)
 *fill*         0x00000000200001d6        0x2 
 .text          0x00000000200001d8        0x4 c:/msys64/mingw64/bin/../lib/gcc/arm-none-eabi/12.2.0/thumb/v6-m/nofp\libgcc.a(_dvmd_tls.o)
                0x00000000200001d8                __aeabi_idiv0
                0x00000000200001d8                __aeabi_ldiv0
 *fill*         0x00000000200001dc        0x4 
 .text.__stub   0x00000000200001e0       0x10 linker stubs
                0x00000000200001f0                . = ALIGN (0x4)
 *(.rodata*)
                0x00000000200001f0                . = ALIGN (0x4)
 *(.data*)
 .data.striped_spin_lock_num
                0x00000000200001f0        0x1 CMakeFiles/test.dir/pico-sdk/src/rp2_common/hardware_sync/sync.c.obj
 *fill*         0x00000000200001f1        0x3 
 .data          0x00000000200001f4       0x48 CMakeFiles/test.dir/pico-sdk/src/rp2_common/hardware_irq/irq_handler_chain.S.obj
                0x00000000200001f4                irq_handler_chain_slots
                0x0000000020000224                irq_handler_chain_first_slot
                0x000000002000022e                irq_handler_chain_remove_tail
 .data.default_alarm_pool
                0x000000002000023c       0x18 CMakeFiles/test.dir/pico-sdk/src/common/pico_time/time.c.obj
 .data.default_alarm_pool_heap
                0x0000000020000254       0x10 CMakeFiles/test.dir/pico-sdk/src/common/pico_time/time.c.obj
 *fill*         0x0000000020000264        0xc 
 .data.aeabi_bits_funcs
                0x0000000020000270       0x10 CMakeFiles/test.dir/pico-sdk/src/rp2_common/pico_bit_ops/bit_ops_aeabi.S.obj
                0x0000000020000270                aeabi_bits_funcs
                0x0000000020000280                aeabi_bits_funcs_end
 .data.aeabi_mem_funcs
                0x0000000020000280       0x10 CMakeFiles/test.dir/pico-sdk/src/rp2_common/pico_mem_ops/mem_ops_aeabi.S.obj
                0x0000000020000280                aeabi_mem_funcs
                0x0000000020000290                aeabi_mem_funcs_end
 .data          0x0000000020000290      0x430 c:/msys64/mingw64/bin/../lib/gcc/arm-none-eabi/12.2.0/../../../../arm-none-eabi/lib/thumb/v6-m/nofp\libg.a(lib_a-impure.o)
                0x0000000020000290                _impure_ptr
 .data          0x00000000200006c0        0x4 c:/msys64/mingw64/bin/../lib/gcc/arm-none-eabi/12.2.0/../../../../arm-none-eabi/lib/thumb/v6-m/nofp\libg.a(lib_a-__call_atexit.o)
                0x00000000200006c0                __atexit_recursive_mutex
                0x00000000200006c4                . = ALIGN (0x4)
 *(.after_data.*)
                0x00000000200006c4                . = ALIGN (0x4)
                0x00000000200006c4                PROVIDE (__mutex_array_start = .)
 *(SORT_BY_NAME(.mutex_array.*))
 *(.mutex_array)
 .mutex_array   0x00000000200006c4        0x8 CMakeFiles/test.dir/pico-sdk/src/rp2_common/pico_stdio/stdio.c.obj
                0x00000000200006cc                PROVIDE (__mutex_array_end = .)
                0x00000000200006cc                . = ALIGN (0x4)
                0x00000000200006cc                PROVIDE (__preinit_array_start = .)
 *(SORT_BY_NAME(.preinit_array.*))
 .preinit_array.00001
                0x00000000200006cc        0x4 CMakeFiles/test.dir/pico-sdk/src/rp2_common/pico_mem_ops/mem_ops_aeabi.S.obj
 .preinit_array.00010
                0x00000000200006d0        0x4 CMakeFiles/test.dir/pico-sdk/src/rp2_common/pico_bit_ops/bit_ops_aeabi.S.obj
 .preinit_array.00020
                0x00000000200006d4        0x4 CMakeFiles/test.dir/pico-sdk/src/rp2_common/pico_double/double_aeabi.S.obj
 .preinit_array.00020
                0x00000000200006d8        0x4 CMakeFiles/test.dir/pico-sdk/src/rp2_common/pico_float/float_aeabi.S.obj
 *(.preinit_array)
                0x00000000200006dc                PROVIDE (__preinit_array_end = .)
                0x00000000200006dc                . = ALIGN (0x4)
                0x00000000200006dc                PROVIDE (__init_array_start = .)
 *(SORT_BY_NAME(.init_array.*))
 .init_array.00000
                0x00000000200006dc        0x4 c:/msys64/mingw64/bin/../lib/gcc/arm-none-eabi/12.2.0/../../../../arm-none-eabi/lib/thumb/v6-m/nofp\libg.a(lib_a-__call_atexit.o)
 *(.init_array)
 .init_array    0x00000000200006e0        0x4 c:/msys64/mingw64/bin/../lib/gcc/arm-none-eabi/12.2.0/thumb/v6-m/nofp/crtbegin.o
                0x00000000200006e4                PROVIDE (__init_array_end = .)
                0x00000000200006e4                . = ALIGN (0x4)
                0x00000000200006e4                PROVIDE (__fini_array_start = .)
 *(SORT_BY_NAME(.fini_array.*))
 *(.fini_array)
                0x00000000200006e4                PROVIDE (__fini_array_end = .)
 *(.jcr)
                0x00000000200006e4                . = ALIGN (0x4)
                0x00000000200006e4                __data_end__ = .

.igot.plt       0x00000000200006e4        0x0 load address 0x0000000010005c68
 .igot.plt      0x00000000200006e4        0x0 c:/msys64/mingw64/bin/../lib/gcc/arm-none-eabi/12.2.0/thumb/v6-m/nofp/crtbegin.o

.uninitialized_data
                0x00000000200006e4        0x0 load address 0x0000000010005c68
                0x00000000200006e4                . = ALIGN (0x4)
 *(.uninitialized_data*)

.scratch_x      0x0000000020040000        0x0 load address 0x0000000010005c68
                0x0000000020040000                __scratch_x_start__ = .
 *(.scratch_x.*)
                0x0000000020040000                . = ALIGN (0x4)
                0x0000000020040000                __scratch_x_end__ = .
                0x0000000010005c68                __scratch_x_source__ = LOADADDR (.scratch_x)

.scratch_y      0x0000000020041000        0x0 load address 0x0000000010005c68
                0x0000000020041000                __scratch_y_start__ = .
 *(.scratch_y.*)
                0x0000000020041000                . = ALIGN (0x4)
                0x0000000020041000                __scratch_y_end__ = .
                0x0000000010005c68                __scratch_y_source__ = LOADADDR (.scratch_y)

.bss            0x00000000200006e8      0x3f0
                0x00000000200006e8                . = ALIGN (0x4)
                0x00000000200006e8                __bss_start__ = .
 *(SORT_BY_ALIGNMENT(SORT_BY_NAME(.bss*)))
 .bss.default_alarm_pool_entries
                0x00000000200006e8      0x100 CMakeFiles/test.dir/pico-sdk/src/common/pico_time/time.c.obj
 .bss           0x00000000200007e8       0x21 c:/msys64/mingw64/bin/../lib/gcc/arm-none-eabi/12.2.0/../../../../arm-none-eabi/lib/thumb/v6-m/nofp\libg.a(lib_a-lock.o)
                0x00000000200007e8                __lock___arc4random_mutex
                0x00000000200007ec                __lock___dd_hash_mutex
                0x00000000200007f0                __lock___tz_mutex
                0x00000000200007f4                __lock___env_recursive_mutex
                0x00000000200007f8                __lock___malloc_recursive_mutex
                0x00000000200007fc                __lock___at_quick_exit_mutex
                0x0000000020000800                __lock___atexit_recursive_mutex
                0x0000000020000804                __lock___sfp_recursive_mutex
                0x0000000020000808                __lock___sinit_recursive_mutex
 *fill*         0x0000000020000809        0x3 
 .bss.alarm_callbacks
                0x000000002000080c       0x10 CMakeFiles/test.dir/pico-sdk/src/rp2_common/hardware_timer/timer.c.obj
 .bss.configured_freq
                0x000000002000081c       0x28 CMakeFiles/test.dir/pico-sdk/src/rp2_common/hardware_clocks/clocks.c.obj
 .bss.default_alarm_pool_entry_ids_high
                0x0000000020000844       0x10 CMakeFiles/test.dir/pico-sdk/src/common/pico_time/time.c.obj
 .bss.default_alarm_pool_heap_nodes
                0x0000000020000854       0x30 CMakeFiles/test.dir/pico-sdk/src/common/pico_time/time.c.obj
 .bss.drivers   0x0000000020000884        0x4 CMakeFiles/test.dir/pico-sdk/src/rp2_common/pico_stdio/stdio.c.obj
 .bss.filter    0x0000000020000888        0x4 CMakeFiles/test.dir/pico-sdk/src/rp2_common/pico_stdio/stdio.c.obj
 .bss.micro_counter
                0x000000002000088c        0x4 CMakeFiles/test.dir/src/timing.c.obj
                0x000000002000088c                micro_counter
 .bss.ms_counter
                0x0000000020000890        0x4 CMakeFiles/test.dir/src/timing.c.obj
                0x0000000020000890                ms_counter
 .bss.object.0  0x0000000020000894       0x18 c:/msys64/mingw64/bin/../lib/gcc/arm-none-eabi/12.2.0/thumb/v6-m/nofp/crtbegin.o
 .bss.pools     0x00000000200008ac       0x10 CMakeFiles/test.dir/pico-sdk/src/common/pico_time/time.c.obj
 .bss.sd_table  0x00000000200008bc      0x100 CMakeFiles/test.dir/pico-sdk/src/rp2_common/pico_double/double_init_rom.c.obj
                0x00000000200008bc                sd_table
 .bss.sf_clz_func
                0x00000000200009bc        0x4 CMakeFiles/test.dir/pico-sdk/src/rp2_common/pico_double/double_init_rom.c.obj
                0x00000000200009bc                sf_clz_func
 .bss.sf_table  0x00000000200009c0      0x100 CMakeFiles/test.dir/pico-sdk/src/rp2_common/pico_float/float_init_rom.c.obj
                0x00000000200009c0                sf_table
 .bss.sleep_notifier
                0x0000000020000ac0        0x4 CMakeFiles/test.dir/pico-sdk/src/common/pico_time/time.c.obj
 .bss.target_hi
                0x0000000020000ac4       0x10 CMakeFiles/test.dir/pico-sdk/src/rp2_common/hardware_timer/timer.c.obj
 .bss.claimed   0x0000000020000ad4        0x1 CMakeFiles/test.dir/pico-sdk/src/rp2_common/hardware_timer/timer.c.obj
 .bss.irq_hander_chain_free_slot_head
                0x0000000020000ad5        0x1 CMakeFiles/test.dir/pico-sdk/src/rp2_common/hardware_irq/irq.c.obj
 .bss.timer_callbacks_pending
                0x0000000020000ad6        0x1 CMakeFiles/test.dir/pico-sdk/src/rp2_common/hardware_timer/timer.c.obj
 *(COMMON)
                0x0000000020000ad8                . = ALIGN (0x4)
 *fill*         0x0000000020000ad7        0x1 
                0x0000000020000ad8                __bss_end__ = .

.heap           0x0000000020000ad8      0x800
                0x0000000020000ad8                __end__ = .
                0x0000000020000ad8                end = __end__
 *(.heap*)
 .heap          0x0000000020000ad8      0x800 CMakeFiles/test.dir/pico-sdk/src/rp2_common/pico_standard_link/crt0.S.obj
                0x00000000200012d8                __HeapLimit = .

.stack1_dummy
 *(.stack1*)

.stack_dummy    0x0000000020041000      0x800
 *(.stack*)
 .stack         0x0000000020041000      0x800 CMakeFiles/test.dir/pico-sdk/src/rp2_common/pico_standard_link/crt0.S.obj

.flash_end      0x0000000010005c68        0x0
                0x0000000010005c68                __flash_binary_end = .
                0x0000000020040000                __StackLimit = (ORIGIN (RAM) + LENGTH (RAM))
                0x0000000020041000                __StackOneTop = (ORIGIN (SCRATCH_X) + LENGTH (SCRATCH_X))
                0x0000000020042000                __StackTop = (ORIGIN (SCRATCH_Y) + LENGTH (SCRATCH_Y))
                0x0000000020041000                __StackOneBottom = (__StackOneTop - SIZEOF (.stack1_dummy))
                0x0000000020041800                __StackBottom = (__StackTop - SIZEOF (.stack_dummy))
                0x0000000020042000                PROVIDE (__stack = __StackTop)
                0x0000000000000001                ASSERT ((__StackLimit >= __HeapLimit), region RAM overflowed)
                0x0000000000000001                ASSERT (((__binary_info_header_end - __logical_binary_start) <= 0x100), Binary info must be in first 256 bytes of the binary)
LOAD CMakeFiles/test.dir/src/digitalIO.c.obj
LOAD CMakeFiles/test.dir/src/ILI9225.c.obj
LOAD CMakeFiles/test.dir/src/spi.c.obj
LOAD CMakeFiles/test.dir/src/timing.c.obj
LOAD CMakeFiles/test.dir/src/main.c.obj
LOAD CMakeFiles/test.dir/pico-sdk/src/rp2_common/pico_stdlib/stdlib.c.obj
LOAD CMakeFiles/test.dir/pico-sdk/src/rp2_common/hardware_gpio/gpio.c.obj
LOAD CMakeFiles/test.dir/pico-sdk/src/rp2_common/hardware_claim/claim.c.obj
LOAD CMakeFiles/test.dir/pico-sdk/src/rp2_common/pico_platform/platform.c.obj
LOAD CMakeFiles/test.dir/pico-sdk/src/rp2_common/hardware_sync/sync.c.obj
LOAD CMakeFiles/test.dir/pico-sdk/src/rp2_common/hardware_irq/irq.c.obj
LOAD CMakeFiles/test.dir/pico-sdk/src/rp2_common/hardware_irq/irq_handler_chain.S.obj
LOAD CMakeFiles/test.dir/pico-sdk/src/common/pico_sync/sem.c.obj
LOAD CMakeFiles/test.dir/pico-sdk/src/common/pico_sync/lock_core.c.obj
LOAD CMakeFiles/test.dir/pico-sdk/src/common/pico_time/time.c.obj
LOAD CMakeFiles/test.dir/pico-sdk/src/common/pico_time/timeout_helper.c.obj
LOAD CMakeFiles/test.dir/pico-sdk/src/rp2_common/hardware_timer/timer.c.obj
LOAD CMakeFiles/test.dir/pico-sdk/src/common/pico_util/datetime.c.obj
LOAD CMakeFiles/test.dir/pico-sdk/src/common/pico_util/pheap.c.obj
LOAD CMakeFiles/test.dir/pico-sdk/src/common/pico_util/queue.c.obj
LOAD CMakeFiles/test.dir/pico-sdk/src/common/pico_sync/mutex.c.obj
LOAD CMakeFiles/test.dir/pico-sdk/src/common/pico_sync/critical_section.c.obj
LOAD CMakeFiles/test.dir/pico-sdk/src/rp2_common/hardware_uart/uart.c.obj
LOAD CMakeFiles/test.dir/pico-sdk/src/rp2_common/hardware_divider/divider.S.obj
LOAD CMakeFiles/test.dir/pico-sdk/src/rp2_common/pico_runtime/runtime.c.obj
LOAD CMakeFiles/test.dir/pico-sdk/src/rp2_common/hardware_clocks/clocks.c.obj
LOAD CMakeFiles/test.dir/pico-sdk/src/rp2_common/hardware_pll/pll.c.obj
LOAD CMakeFiles/test.dir/pico-sdk/src/rp2_common/hardware_vreg/vreg.c.obj
LOAD CMakeFiles/test.dir/pico-sdk/src/rp2_common/hardware_watchdog/watchdog.c.obj
LOAD CMakeFiles/test.dir/pico-sdk/src/rp2_common/hardware_xosc/xosc.c.obj
LOAD CMakeFiles/test.dir/pico-sdk/src/rp2_common/pico_printf/printf.c.obj
LOAD CMakeFiles/test.dir/pico-sdk/src/rp2_common/pico_bit_ops/bit_ops_aeabi.S.obj
LOAD CMakeFiles/test.dir/pico-sdk/src/rp2_common/pico_bootrom/bootrom.c.obj
LOAD CMakeFiles/test.dir/pico-sdk/src/rp2_common/pico_divider/divider.S.obj
LOAD CMakeFiles/test.dir/pico-sdk/src/rp2_common/pico_double/double_aeabi.S.obj
LOAD CMakeFiles/test.dir/pico-sdk/src/rp2_common/pico_double/double_init_rom.c.obj
LOAD CMakeFiles/test.dir/pico-sdk/src/rp2_common/pico_double/double_math.c.obj
LOAD CMakeFiles/test.dir/pico-sdk/src/rp2_common/pico_double/double_v1_rom_shim.S.obj
LOAD CMakeFiles/test.dir/pico-sdk/src/rp2_common/pico_int64_ops/pico_int64_ops_aeabi.S.obj
LOAD CMakeFiles/test.dir/pico-sdk/src/rp2_common/pico_float/float_aeabi.S.obj
LOAD CMakeFiles/test.dir/pico-sdk/src/rp2_common/pico_float/float_init_rom.c.obj
LOAD CMakeFiles/test.dir/pico-sdk/src/rp2_common/pico_float/float_math.c.obj
LOAD CMakeFiles/test.dir/pico-sdk/src/rp2_common/pico_float/float_v1_rom_shim.S.obj
LOAD CMakeFiles/test.dir/pico-sdk/src/rp2_common/pico_malloc/pico_malloc.c.obj
LOAD CMakeFiles/test.dir/pico-sdk/src/rp2_common/pico_mem_ops/mem_ops_aeabi.S.obj
LOAD CMakeFiles/test.dir/pico-sdk/src/rp2_common/pico_standard_link/crt0.S.obj
LOAD CMakeFiles/test.dir/pico-sdk/src/rp2_common/pico_standard_link/new_delete.cpp.obj
LOAD CMakeFiles/test.dir/pico-sdk/src/rp2_common/pico_standard_link/binary_info.c.obj
LOAD CMakeFiles/test.dir/pico-sdk/src/rp2_common/pico_stdio/stdio.c.obj
LOAD CMakeFiles/test.dir/pico-sdk/src/rp2_common/pico_stdio_uart/stdio_uart.c.obj
LOAD CMakeFiles/test.dir/pico-sdk/src/rp2_common/hardware_spi/spi.c.obj
LOAD C:\Users\traut\AppData\Local\Temp\ccGZplGt.o
LOAD c:/msys64/mingw64/bin/../lib/gcc/arm-none-eabi/12.2.0/../../../../arm-none-eabi/lib/thumb/v6-m/nofp\libstdc++.a
LOAD c:/msys64/mingw64/bin/../lib/gcc/arm-none-eabi/12.2.0/../../../../arm-none-eabi/lib/thumb/v6-m/nofp\libm.a
START GROUP
LOAD c:/msys64/mingw64/bin/../lib/gcc/arm-none-eabi/12.2.0/thumb/v6-m/nofp\libgcc.a
LOAD c:/msys64/mingw64/bin/../lib/gcc/arm-none-eabi/12.2.0/../../../../arm-none-eabi/lib/thumb/v6-m/nofp\libg.a
LOAD c:/msys64/mingw64/bin/../lib/gcc/arm-none-eabi/12.2.0/../../../../arm-none-eabi/lib/thumb/v6-m/nofp\libc.a
END GROUP
START GROUP
LOAD c:/msys64/mingw64/bin/../lib/gcc/arm-none-eabi/12.2.0/thumb/v6-m/nofp\libgcc.a
LOAD c:/msys64/mingw64/bin/../lib/gcc/arm-none-eabi/12.2.0/../../../../arm-none-eabi/lib/thumb/v6-m/nofp\libc.a
LOAD c:/msys64/mingw64/bin/../lib/gcc/arm-none-eabi/12.2.0/../../../../arm-none-eabi/lib/thumb/v6-m/nofp\libnosys.a
END GROUP
LOAD c:/msys64/mingw64/bin/../lib/gcc/arm-none-eabi/12.2.0/thumb/v6-m/nofp/crtend.o
LOAD c:/msys64/mingw64/bin/../lib/gcc/arm-none-eabi/12.2.0/thumb/v6-m/nofp/crtn.o
OUTPUT(test.elf elf32-littlearm)
LOAD linker stubs

.ARM.attributes
                0x0000000000000000       0x28
 .ARM.attributes
                0x0000000000000000       0x1e c:/msys64/mingw64/bin/../lib/gcc/arm-none-eabi/12.2.0/thumb/v6-m/nofp/crti.o
 .ARM.attributes
                0x000000000000001e       0x2c c:/msys64/mingw64/bin/../lib/gcc/arm-none-eabi/12.2.0/thumb/v6-m/nofp/crtbegin.o
 .ARM.attributes
                0x000000000000004a       0x2c CMakeFiles/test.dir/src/digitalIO.c.obj
 .ARM.attributes
                0x0000000000000076       0x2c CMakeFiles/test.dir/src/ILI9225.c.obj
 .ARM.attributes
                0x00000000000000a2       0x2c CMakeFiles/test.dir/src/spi.c.obj
 .ARM.attributes
                0x00000000000000ce       0x2c CMakeFiles/test.dir/src/timing.c.obj
 .ARM.attributes
                0x00000000000000fa       0x2c CMakeFiles/test.dir/src/main.c.obj
 .ARM.attributes
                0x0000000000000126       0x2c CMakeFiles/test.dir/pico-sdk/src/rp2_common/hardware_gpio/gpio.c.obj
 .ARM.attributes
                0x0000000000000152       0x2c CMakeFiles/test.dir/pico-sdk/src/rp2_common/hardware_claim/claim.c.obj
 .ARM.attributes
                0x000000000000017e       0x2c CMakeFiles/test.dir/pico-sdk/src/rp2_common/pico_platform/platform.c.obj
 .ARM.attributes
                0x00000000000001aa       0x2c CMakeFiles/test.dir/pico-sdk/src/rp2_common/hardware_sync/sync.c.obj
 .ARM.attributes
                0x00000000000001d6       0x2c CMakeFiles/test.dir/pico-sdk/src/rp2_common/hardware_irq/irq.c.obj
 .ARM.attributes
                0x0000000000000202       0x22 CMakeFiles/test.dir/pico-sdk/src/rp2_common/hardware_irq/irq_handler_chain.S.obj
 .ARM.attributes
                0x0000000000000224       0x2c CMakeFiles/test.dir/pico-sdk/src/common/pico_sync/lock_core.c.obj
 .ARM.attributes
                0x0000000000000250       0x2c CMakeFiles/test.dir/pico-sdk/src/common/pico_time/time.c.obj
 .ARM.attributes
                0x000000000000027c       0x2c CMakeFiles/test.dir/pico-sdk/src/rp2_common/hardware_timer/timer.c.obj
 .ARM.attributes
                0x00000000000002a8       0x2c CMakeFiles/test.dir/pico-sdk/src/common/pico_util/pheap.c.obj
 .ARM.attributes
                0x00000000000002d4       0x2c CMakeFiles/test.dir/pico-sdk/src/common/pico_sync/mutex.c.obj
 .ARM.attributes
                0x0000000000000300       0x2c CMakeFiles/test.dir/pico-sdk/src/rp2_common/pico_runtime/runtime.c.obj
 .ARM.attributes
                0x000000000000032c       0x2c CMakeFiles/test.dir/pico-sdk/src/rp2_common/hardware_clocks/clocks.c.obj
 .ARM.attributes
                0x0000000000000358       0x2c CMakeFiles/test.dir/pico-sdk/src/rp2_common/hardware_pll/pll.c.obj
 .ARM.attributes
                0x0000000000000384       0x2c CMakeFiles/test.dir/pico-sdk/src/rp2_common/hardware_watchdog/watchdog.c.obj
 .ARM.attributes
                0x00000000000003b0       0x2c CMakeFiles/test.dir/pico-sdk/src/rp2_common/hardware_xosc/xosc.c.obj
 .ARM.attributes
                0x00000000000003dc       0x2c CMakeFiles/test.dir/pico-sdk/src/rp2_common/pico_printf/printf.c.obj
 .ARM.attributes
                0x0000000000000408       0x22 CMakeFiles/test.dir/pico-sdk/src/rp2_common/pico_bit_ops/bit_ops_aeabi.S.obj
 .ARM.attributes
                0x000000000000042a       0x2c CMakeFiles/test.dir/pico-sdk/src/rp2_common/pico_bootrom/bootrom.c.obj
 .ARM.attributes
                0x0000000000000456       0x22 CMakeFiles/test.dir/pico-sdk/src/rp2_common/pico_divider/divider.S.obj
 .ARM.attributes
                0x0000000000000478       0x22 CMakeFiles/test.dir/pico-sdk/src/rp2_common/pico_double/double_aeabi.S.obj
 .ARM.attributes
                0x000000000000049a       0x2c CMakeFiles/test.dir/pico-sdk/src/rp2_common/pico_double/double_init_rom.c.obj
 .ARM.attributes
                0x00000000000004c6       0x22 CMakeFiles/test.dir/pico-sdk/src/rp2_common/pico_double/double_v1_rom_shim.S.obj
 .ARM.attributes
                0x00000000000004e8       0x22 CMakeFiles/test.dir/pico-sdk/src/rp2_common/pico_int64_ops/pico_int64_ops_aeabi.S.obj
 .ARM.attributes
                0x000000000000050a       0x22 CMakeFiles/test.dir/pico-sdk/src/rp2_common/pico_float/float_aeabi.S.obj
 .ARM.attributes
                0x000000000000052c       0x2c CMakeFiles/test.dir/pico-sdk/src/rp2_common/pico_float/float_init_rom.c.obj
 .ARM.attributes
                0x0000000000000558       0x22 CMakeFiles/test.dir/pico-sdk/src/rp2_common/pico_float/float_v1_rom_shim.S.obj
 .ARM.attributes
                0x000000000000057a       0x22 CMakeFiles/test.dir/pico-sdk/src/rp2_common/pico_mem_ops/mem_ops_aeabi.S.obj
 .ARM.attributes
                0x000000000000059c       0x22 CMakeFiles/test.dir/pico-sdk/src/rp2_common/pico_standard_link/crt0.S.obj
 .ARM.attributes
                0x00000000000005be       0x2c CMakeFiles/test.dir/pico-sdk/src/rp2_common/pico_standard_link/binary_info.c.obj
 .ARM.attributes
                0x00000000000005ea       0x2c CMakeFiles/test.dir/pico-sdk/src/rp2_common/pico_stdio/stdio.c.obj
 .ARM.attributes
                0x0000000000000616       0x2c CMakeFiles/test.dir/pico-sdk/src/rp2_common/hardware_spi/spi.c.obj
 .ARM.attributes
                0x0000000000000642       0x22 C:\Users\traut\AppData\Local\Temp\ccGZplGt.o
 .ARM.attributes
                0x0000000000000664       0x1e c:/msys64/mingw64/bin/../lib/gcc/arm-none-eabi/12.2.0/thumb/v6-m/nofp\libgcc.a(_dvmd_tls.o)
 .ARM.attributes
                0x0000000000000682       0x2c c:/msys64/mingw64/bin/../lib/gcc/arm-none-eabi/12.2.0/../../../../arm-none-eabi/lib/thumb/v6-m/nofp\libg.a(lib_a-atexit.o)
 .ARM.attributes
                0x00000000000006ae       0x2c c:/msys64/mingw64/bin/../lib/gcc/arm-none-eabi/12.2.0/../../../../arm-none-eabi/lib/thumb/v6-m/nofp\libg.a(lib_a-fini.o)
 .ARM.attributes
                0x00000000000006da       0x2c c:/msys64/mingw64/bin/../lib/gcc/arm-none-eabi/12.2.0/../../../../arm-none-eabi/lib/thumb/v6-m/nofp\libg.a(lib_a-impure.o)
 .ARM.attributes
                0x0000000000000706       0x2c c:/msys64/mingw64/bin/../lib/gcc/arm-none-eabi/12.2.0/../../../../arm-none-eabi/lib/thumb/v6-m/nofp\libg.a(lib_a-strlen-stub.o)
 .ARM.attributes
                0x0000000000000732       0x2c c:/msys64/mingw64/bin/../lib/gcc/arm-none-eabi/12.2.0/../../../../arm-none-eabi/lib/thumb/v6-m/nofp\libg.a(lib_a-__atexit.o)
 .ARM.attributes
                0x000000000000075e       0x2c c:/msys64/mingw64/bin/../lib/gcc/arm-none-eabi/12.2.0/../../../../arm-none-eabi/lib/thumb/v6-m/nofp\libg.a(lib_a-__call_atexit.o)
 .ARM.attributes
                0x000000000000078a       0x2c c:/msys64/mingw64/bin/../lib/gcc/arm-none-eabi/12.2.0/../../../../arm-none-eabi/lib/thumb/v6-m/nofp\libg.a(lib_a-lock.o)

.comment        0x0000000000000000       0x12
 .comment       0x0000000000000000       0x12 CMakeFiles/test.dir/src/digitalIO.c.obj
                                         0x13 (size before relaxing)
 .comment       0x0000000000000012       0x13 CMakeFiles/test.dir/src/ILI9225.c.obj
 .comment       0x0000000000000012       0x13 CMakeFiles/test.dir/src/spi.c.obj
 .comment       0x0000000000000012       0x13 CMakeFiles/test.dir/src/timing.c.obj
 .comment       0x0000000000000012       0x13 CMakeFiles/test.dir/src/main.c.obj
 .comment       0x0000000000000012       0x13 CMakeFiles/test.dir/pico-sdk/src/rp2_common/hardware_gpio/gpio.c.obj
 .comment       0x0000000000000012       0x13 CMakeFiles/test.dir/pico-sdk/src/rp2_common/hardware_claim/claim.c.obj
 .comment       0x0000000000000012       0x13 CMakeFiles/test.dir/pico-sdk/src/rp2_common/pico_platform/platform.c.obj
 .comment       0x0000000000000012       0x13 CMakeFiles/test.dir/pico-sdk/src/rp2_common/hardware_sync/sync.c.obj
 .comment       0x0000000000000012       0x13 CMakeFiles/test.dir/pico-sdk/src/rp2_common/hardware_irq/irq.c.obj
 .comment       0x0000000000000012       0x13 CMakeFiles/test.dir/pico-sdk/src/common/pico_sync/lock_core.c.obj
 .comment       0x0000000000000012       0x13 CMakeFiles/test.dir/pico-sdk/src/common/pico_time/time.c.obj
 .comment       0x0000000000000012       0x13 CMakeFiles/test.dir/pico-sdk/src/rp2_common/hardware_timer/timer.c.obj
 .comment       0x0000000000000012       0x13 CMakeFiles/test.dir/pico-sdk/src/common/pico_util/pheap.c.obj
 .comment       0x0000000000000012       0x13 CMakeFiles/test.dir/pico-sdk/src/common/pico_sync/mutex.c.obj
 .comment       0x0000000000000012       0x13 CMakeFiles/test.dir/pico-sdk/src/rp2_common/pico_runtime/runtime.c.obj
 .comment       0x0000000000000012       0x13 CMakeFiles/test.dir/pico-sdk/src/rp2_common/hardware_clocks/clocks.c.obj
 .comment       0x0000000000000012       0x13 CMakeFiles/test.dir/pico-sdk/src/rp2_common/hardware_pll/pll.c.obj
 .comment       0x0000000000000012       0x13 CMakeFiles/test.dir/pico-sdk/src/rp2_common/hardware_watchdog/watchdog.c.obj
 .comment       0x0000000000000012       0x13 CMakeFiles/test.dir/pico-sdk/src/rp2_common/hardware_xosc/xosc.c.obj
 .comment       0x0000000000000012       0x13 CMakeFiles/test.dir/pico-sdk/src/rp2_common/pico_printf/printf.c.obj
 .comment       0x0000000000000012       0x13 CMakeFiles/test.dir/pico-sdk/src/rp2_common/pico_bootrom/bootrom.c.obj
 .comment       0x0000000000000012       0x13 CMakeFiles/test.dir/pico-sdk/src/rp2_common/pico_double/double_init_rom.c.obj
 .comment       0x0000000000000012       0x13 CMakeFiles/test.dir/pico-sdk/src/rp2_common/pico_float/float_init_rom.c.obj
 .comment       0x0000000000000012       0x13 CMakeFiles/test.dir/pico-sdk/src/rp2_common/pico_standard_link/binary_info.c.obj
 .comment       0x0000000000000012       0x13 CMakeFiles/test.dir/pico-sdk/src/rp2_common/pico_stdio/stdio.c.obj
 .comment       0x0000000000000012       0x13 CMakeFiles/test.dir/pico-sdk/src/rp2_common/hardware_spi/spi.c.obj

.debug_info     0x0000000000000000    0x1487d
 .debug_info    0x0000000000000000       0x65 CMakeFiles/test.dir/src/digitalIO.c.obj
 .debug_info    0x0000000000000065     0x1608 CMakeFiles/test.dir/src/ILI9225.c.obj
 .debug_info    0x000000000000166d     0x1012 CMakeFiles/test.dir/src/spi.c.obj
 .debug_info    0x000000000000267f      0x19c CMakeFiles/test.dir/src/timing.c.obj
 .debug_info    0x000000000000281b      0x254 CMakeFiles/test.dir/src/main.c.obj
 .debug_info    0x0000000000002a6f     0x166e CMakeFiles/test.dir/pico-sdk/src/rp2_common/hardware_gpio/gpio.c.obj
 .debug_info    0x00000000000040dd      0x69a CMakeFiles/test.dir/pico-sdk/src/rp2_common/hardware_claim/claim.c.obj
 .debug_info    0x0000000000004777      0x1fb CMakeFiles/test.dir/pico-sdk/src/rp2_common/pico_platform/platform.c.obj
 .debug_info    0x0000000000004972      0x5db CMakeFiles/test.dir/pico-sdk/src/rp2_common/hardware_sync/sync.c.obj
 .debug_info    0x0000000000004f4d     0x1bd4 CMakeFiles/test.dir/pico-sdk/src/rp2_common/hardware_irq/irq.c.obj
 .debug_info    0x0000000000006b21      0x1a3 CMakeFiles/test.dir/pico-sdk/src/common/pico_sync/lock_core.c.obj
 .debug_info    0x0000000000006cc4     0x2f53 CMakeFiles/test.dir/pico-sdk/src/common/pico_time/time.c.obj
 .debug_info    0x0000000000009c17     0x1165 CMakeFiles/test.dir/pico-sdk/src/rp2_common/hardware_timer/timer.c.obj
 .debug_info    0x000000000000ad7c      0xe34 CMakeFiles/test.dir/pico-sdk/src/common/pico_util/pheap.c.obj
 .debug_info    0x000000000000bbb0     0x1c83 CMakeFiles/test.dir/pico-sdk/src/common/pico_sync/mutex.c.obj
 .debug_info    0x000000000000d833      0xa56 CMakeFiles/test.dir/pico-sdk/src/rp2_common/pico_runtime/runtime.c.obj
 .debug_info    0x000000000000e289      0xf78 CMakeFiles/test.dir/pico-sdk/src/rp2_common/hardware_clocks/clocks.c.obj
 .debug_info    0x000000000000f201      0x534 CMakeFiles/test.dir/pico-sdk/src/rp2_common/hardware_pll/pll.c.obj
 .debug_info    0x000000000000f735      0x4c5 CMakeFiles/test.dir/pico-sdk/src/rp2_common/hardware_watchdog/watchdog.c.obj
 .debug_info    0x000000000000fbfa      0x1c7 CMakeFiles/test.dir/pico-sdk/src/rp2_common/hardware_xosc/xosc.c.obj
 .debug_info    0x000000000000fdc1     0x19a2 CMakeFiles/test.dir/pico-sdk/src/rp2_common/pico_printf/printf.c.obj
 .debug_info    0x0000000000011763       0x23 CMakeFiles/test.dir/pico-sdk/src/rp2_common/pico_bit_ops/bit_ops_aeabi.S.obj
 .debug_info    0x0000000000011786      0x325 CMakeFiles/test.dir/pico-sdk/src/rp2_common/pico_bootrom/bootrom.c.obj
 .debug_info    0x0000000000011aab       0x23 CMakeFiles/test.dir/pico-sdk/src/rp2_common/pico_divider/divider.S.obj
 .debug_info    0x0000000000011ace       0x23 CMakeFiles/test.dir/pico-sdk/src/rp2_common/pico_double/double_aeabi.S.obj
 .debug_info    0x0000000000011af1      0x33b CMakeFiles/test.dir/pico-sdk/src/rp2_common/pico_double/double_init_rom.c.obj
 .debug_info    0x0000000000011e2c       0x23 CMakeFiles/test.dir/pico-sdk/src/rp2_common/pico_double/double_v1_rom_shim.S.obj
 .debug_info    0x0000000000011e4f       0x24 CMakeFiles/test.dir/pico-sdk/src/rp2_common/pico_int64_ops/pico_int64_ops_aeabi.S.obj
 .debug_info    0x0000000000011e73       0x23 CMakeFiles/test.dir/pico-sdk/src/rp2_common/pico_float/float_aeabi.S.obj
 .debug_info    0x0000000000011e96      0x34f CMakeFiles/test.dir/pico-sdk/src/rp2_common/pico_float/float_init_rom.c.obj
 .debug_info    0x00000000000121e5       0x23 CMakeFiles/test.dir/pico-sdk/src/rp2_common/pico_float/float_v1_rom_shim.S.obj
 .debug_info    0x0000000000012208       0x23 CMakeFiles/test.dir/pico-sdk/src/rp2_common/pico_mem_ops/mem_ops_aeabi.S.obj
 .debug_info    0x000000000001222b       0x23 CMakeFiles/test.dir/pico-sdk/src/rp2_common/pico_standard_link/crt0.S.obj
 .debug_info    0x000000000001224e      0x2b3 CMakeFiles/test.dir/pico-sdk/src/rp2_common/pico_standard_link/binary_info.c.obj
 .debug_info    0x0000000000012501     0x12b8 CMakeFiles/test.dir/pico-sdk/src/rp2_common/pico_stdio/stdio.c.obj
 .debug_info    0x00000000000137b9     0x108b CMakeFiles/test.dir/pico-sdk/src/rp2_common/hardware_spi/spi.c.obj
 .debug_info    0x0000000000014844       0x39 c:/msys64/mingw64/bin/../lib/gcc/arm-none-eabi/12.2.0/thumb/v6-m/nofp\libgcc.a(_dvmd_tls.o)

.debug_abbrev   0x0000000000000000     0x4540
 .debug_abbrev  0x0000000000000000       0x54 CMakeFiles/test.dir/src/digitalIO.c.obj
 .debug_abbrev  0x0000000000000054      0x242 CMakeFiles/test.dir/src/ILI9225.c.obj
 .debug_abbrev  0x0000000000000296      0x32c CMakeFiles/test.dir/src/spi.c.obj
 .debug_abbrev  0x00000000000005c2      0x10a CMakeFiles/test.dir/src/timing.c.obj
 .debug_abbrev  0x00000000000006cc      0x13f CMakeFiles/test.dir/src/main.c.obj
 .debug_abbrev  0x000000000000080b      0x34c CMakeFiles/test.dir/pico-sdk/src/rp2_common/hardware_gpio/gpio.c.obj
 .debug_abbrev  0x0000000000000b57      0x2d0 CMakeFiles/test.dir/pico-sdk/src/rp2_common/hardware_claim/claim.c.obj
 .debug_abbrev  0x0000000000000e27       0xf8 CMakeFiles/test.dir/pico-sdk/src/rp2_common/pico_platform/platform.c.obj
 .debug_abbrev  0x0000000000000f1f      0x249 CMakeFiles/test.dir/pico-sdk/src/rp2_common/hardware_sync/sync.c.obj
 .debug_abbrev  0x0000000000001168      0x513 CMakeFiles/test.dir/pico-sdk/src/rp2_common/hardware_irq/irq.c.obj
 .debug_abbrev  0x000000000000167b      0x116 CMakeFiles/test.dir/pico-sdk/src/common/pico_sync/lock_core.c.obj
 .debug_abbrev  0x0000000000001791      0x5b5 CMakeFiles/test.dir/pico-sdk/src/common/pico_time/time.c.obj
 .debug_abbrev  0x0000000000001d46      0x3bd CMakeFiles/test.dir/pico-sdk/src/rp2_common/hardware_timer/timer.c.obj
 .debug_abbrev  0x0000000000002103      0x290 CMakeFiles/test.dir/pico-sdk/src/common/pico_util/pheap.c.obj
 .debug_abbrev  0x0000000000002393      0x3da CMakeFiles/test.dir/pico-sdk/src/common/pico_sync/mutex.c.obj
 .debug_abbrev  0x000000000000276d      0x3e5 CMakeFiles/test.dir/pico-sdk/src/rp2_common/pico_runtime/runtime.c.obj
 .debug_abbrev  0x0000000000002b52      0x415 CMakeFiles/test.dir/pico-sdk/src/rp2_common/hardware_clocks/clocks.c.obj
 .debug_abbrev  0x0000000000002f67      0x1e7 CMakeFiles/test.dir/pico-sdk/src/rp2_common/hardware_pll/pll.c.obj
 .debug_abbrev  0x000000000000314e      0x1a8 CMakeFiles/test.dir/pico-sdk/src/rp2_common/hardware_watchdog/watchdog.c.obj
 .debug_abbrev  0x00000000000032f6      0x10c CMakeFiles/test.dir/pico-sdk/src/rp2_common/hardware_xosc/xosc.c.obj
 .debug_abbrev  0x0000000000003402      0x38a CMakeFiles/test.dir/pico-sdk/src/rp2_common/pico_printf/printf.c.obj
 .debug_abbrev  0x000000000000378c       0x12 CMakeFiles/test.dir/pico-sdk/src/rp2_common/pico_bit_ops/bit_ops_aeabi.S.obj
 .debug_abbrev  0x000000000000379e      0x167 CMakeFiles/test.dir/pico-sdk/src/rp2_common/pico_bootrom/bootrom.c.obj
 .debug_abbrev  0x0000000000003905       0x12 CMakeFiles/test.dir/pico-sdk/src/rp2_common/pico_divider/divider.S.obj
 .debug_abbrev  0x0000000000003917       0x12 CMakeFiles/test.dir/pico-sdk/src/rp2_common/pico_double/double_aeabi.S.obj
 .debug_abbrev  0x0000000000003929      0x1c3 CMakeFiles/test.dir/pico-sdk/src/rp2_common/pico_double/double_init_rom.c.obj
 .debug_abbrev  0x0000000000003aec       0x12 CMakeFiles/test.dir/pico-sdk/src/rp2_common/pico_double/double_v1_rom_shim.S.obj
 .debug_abbrev  0x0000000000003afe       0x14 CMakeFiles/test.dir/pico-sdk/src/rp2_common/pico_int64_ops/pico_int64_ops_aeabi.S.obj
 .debug_abbrev  0x0000000000003b12       0x12 CMakeFiles/test.dir/pico-sdk/src/rp2_common/pico_float/float_aeabi.S.obj
 .debug_abbrev  0x0000000000003b24      0x1c6 CMakeFiles/test.dir/pico-sdk/src/rp2_common/pico_float/float_init_rom.c.obj
 .debug_abbrev  0x0000000000003cea       0x12 CMakeFiles/test.dir/pico-sdk/src/rp2_common/pico_float/float_v1_rom_shim.S.obj
 .debug_abbrev  0x0000000000003cfc       0x12 CMakeFiles/test.dir/pico-sdk/src/rp2_common/pico_mem_ops/mem_ops_aeabi.S.obj
 .debug_abbrev  0x0000000000003d0e       0x12 CMakeFiles/test.dir/pico-sdk/src/rp2_common/pico_standard_link/crt0.S.obj
 .debug_abbrev  0x0000000000003d20       0xb8 CMakeFiles/test.dir/pico-sdk/src/rp2_common/pico_standard_link/binary_info.c.obj
 .debug_abbrev  0x0000000000003dd8      0x480 CMakeFiles/test.dir/pico-sdk/src/rp2_common/pico_stdio/stdio.c.obj
 .debug_abbrev  0x0000000000004258      0x2c9 CMakeFiles/test.dir/pico-sdk/src/rp2_common/hardware_spi/spi.c.obj
 .debug_abbrev  0x0000000000004521       0x1f c:/msys64/mingw64/bin/../lib/gcc/arm-none-eabi/12.2.0/thumb/v6-m/nofp\libgcc.a(_dvmd_tls.o)

.debug_aranges  0x0000000000000000      0xfc8
 .debug_aranges
                0x0000000000000000       0x20 CMakeFiles/test.dir/src/digitalIO.c.obj
 .debug_aranges
                0x0000000000000020       0x58 CMakeFiles/test.dir/src/ILI9225.c.obj
 .debug_aranges
                0x0000000000000078       0x68 CMakeFiles/test.dir/src/spi.c.obj
 .debug_aranges
                0x00000000000000e0       0x50 CMakeFiles/test.dir/src/timing.c.obj
 .debug_aranges
                0x0000000000000130       0x20 CMakeFiles/test.dir/src/main.c.obj
 .debug_aranges
                0x0000000000000150      0x100 CMakeFiles/test.dir/pico-sdk/src/rp2_common/hardware_gpio/gpio.c.obj
 .debug_aranges
                0x0000000000000250       0x48 CMakeFiles/test.dir/pico-sdk/src/rp2_common/hardware_claim/claim.c.obj
 .debug_aranges
                0x0000000000000298       0x28 CMakeFiles/test.dir/pico-sdk/src/rp2_common/pico_platform/platform.c.obj
 .debug_aranges
                0x00000000000002c0       0x58 CMakeFiles/test.dir/pico-sdk/src/rp2_common/hardware_sync/sync.c.obj
 .debug_aranges
                0x0000000000000318       0xd0 CMakeFiles/test.dir/pico-sdk/src/rp2_common/hardware_irq/irq.c.obj
 .debug_aranges
                0x00000000000003e8       0x20 CMakeFiles/test.dir/pico-sdk/src/common/pico_sync/lock_core.c.obj
 .debug_aranges
                0x0000000000000408      0x140 CMakeFiles/test.dir/pico-sdk/src/common/pico_time/time.c.obj
 .debug_aranges
                0x0000000000000548       0x80 CMakeFiles/test.dir/pico-sdk/src/rp2_common/hardware_timer/timer.c.obj
 .debug_aranges
                0x00000000000005c8       0x80 CMakeFiles/test.dir/pico-sdk/src/common/pico_util/pheap.c.obj
 .debug_aranges
                0x0000000000000648       0xb8 CMakeFiles/test.dir/pico-sdk/src/common/pico_sync/mutex.c.obj
 .debug_aranges
                0x0000000000000700       0x60 CMakeFiles/test.dir/pico-sdk/src/rp2_common/pico_runtime/runtime.c.obj
 .debug_aranges
                0x0000000000000760       0x70 CMakeFiles/test.dir/pico-sdk/src/rp2_common/hardware_clocks/clocks.c.obj
 .debug_aranges
                0x00000000000007d0       0x28 CMakeFiles/test.dir/pico-sdk/src/rp2_common/hardware_pll/pll.c.obj
 .debug_aranges
                0x00000000000007f8       0x58 CMakeFiles/test.dir/pico-sdk/src/rp2_common/hardware_watchdog/watchdog.c.obj
 .debug_aranges
                0x0000000000000850       0x30 CMakeFiles/test.dir/pico-sdk/src/rp2_common/hardware_xosc/xosc.c.obj
 .debug_aranges
                0x0000000000000880       0x90 CMakeFiles/test.dir/pico-sdk/src/rp2_common/pico_printf/printf.c.obj
 .debug_aranges
                0x0000000000000910       0x68 CMakeFiles/test.dir/pico-sdk/src/rp2_common/pico_bit_ops/bit_ops_aeabi.S.obj
 .debug_aranges
                0x0000000000000978       0x30 CMakeFiles/test.dir/pico-sdk/src/rp2_common/pico_bootrom/bootrom.c.obj
 .debug_aranges
                0x00000000000009a8       0x40 CMakeFiles/test.dir/pico-sdk/src/rp2_common/pico_divider/divider.S.obj
 .debug_aranges
                0x00000000000009e8      0x140 CMakeFiles/test.dir/pico-sdk/src/rp2_common/pico_double/double_aeabi.S.obj
 .debug_aranges
                0x0000000000000b28       0x20 CMakeFiles/test.dir/pico-sdk/src/rp2_common/pico_double/double_init_rom.c.obj
 .debug_aranges
                0x0000000000000b48       0xc8 CMakeFiles/test.dir/pico-sdk/src/rp2_common/pico_double/double_v1_rom_shim.S.obj
 .debug_aranges
                0x0000000000000c10       0x20 CMakeFiles/test.dir/pico-sdk/src/rp2_common/pico_int64_ops/pico_int64_ops_aeabi.S.obj
 .debug_aranges
                0x0000000000000c30      0x130 CMakeFiles/test.dir/pico-sdk/src/rp2_common/pico_float/float_aeabi.S.obj
 .debug_aranges
                0x0000000000000d60       0x20 CMakeFiles/test.dir/pico-sdk/src/rp2_common/pico_float/float_init_rom.c.obj
 .debug_aranges
                0x0000000000000d80       0x50 CMakeFiles/test.dir/pico-sdk/src/rp2_common/pico_float/float_v1_rom_shim.S.obj
 .debug_aranges
                0x0000000000000dd0       0x38 CMakeFiles/test.dir/pico-sdk/src/rp2_common/pico_mem_ops/mem_ops_aeabi.S.obj
 .debug_aranges
                0x0000000000000e08       0x28 CMakeFiles/test.dir/pico-sdk/src/rp2_common/pico_standard_link/crt0.S.obj
 .debug_aranges
                0x0000000000000e30       0x18 CMakeFiles/test.dir/pico-sdk/src/rp2_common/pico_standard_link/binary_info.c.obj
 .debug_aranges
                0x0000000000000e48       0xf8 CMakeFiles/test.dir/pico-sdk/src/rp2_common/pico_stdio/stdio.c.obj
 .debug_aranges
                0x0000000000000f40       0x68 CMakeFiles/test.dir/pico-sdk/src/rp2_common/hardware_spi/spi.c.obj
 .debug_aranges
                0x0000000000000fa8       0x20 c:/msys64/mingw64/bin/../lib/gcc/arm-none-eabi/12.2.0/thumb/v6-m/nofp\libgcc.a(_dvmd_tls.o)

.debug_rnglists
                0x0000000000000000      0xd4b
 .debug_rnglists
                0x0000000000000000       0x13 CMakeFiles/test.dir/src/digitalIO.c.obj
 .debug_rnglists
                0x0000000000000013       0x3f CMakeFiles/test.dir/src/ILI9225.c.obj
 .debug_rnglists
                0x0000000000000052       0x49 CMakeFiles/test.dir/src/spi.c.obj
 .debug_rnglists
                0x000000000000009b       0x37 CMakeFiles/test.dir/src/timing.c.obj
 .debug_rnglists
                0x00000000000000d2       0x13 CMakeFiles/test.dir/src/main.c.obj
 .debug_rnglists
                0x00000000000000e5       0xec CMakeFiles/test.dir/pico-sdk/src/rp2_common/hardware_gpio/gpio.c.obj
 .debug_rnglists
                0x00000000000001d1       0x31 CMakeFiles/test.dir/pico-sdk/src/rp2_common/hardware_claim/claim.c.obj
 .debug_rnglists